[    0.000000] Linux version 4.15.0-55-generic (buildd@lcy01-amd64-029) (gcc version 7.4.0 (Ubuntu 7.4.0-1ubuntu1~18.04.1)) #60-Ubuntu SMP Tue Jul 2 18:22:20 UTC 2019 (Ubuntu 4.15.0-55.60-generic 4.15.18)
[    0.000000] Command line: BOOT_IMAGE=/boot/vmlinuz-4.15.0-55-generic root=UUID=a5eb06e2-8eb1-4232-8570-2cc927993946 ro console=tty1 console=ttyS0
[    0.000000] KERNEL supported cpus:
[    0.000000]   Intel GenuineIntel
[    0.000000]   AMD AuthenticAMD
[    0.000000]   Centaur CentaurHauls
[    0.000000] x86/fpu: Supporting XSAVE feature 0x001: 'x87 floating point registers'
[    0.000000] x86/fpu: Supporting XSAVE feature 0x002: 'SSE registers'
[    0.000000] x86/fpu: Supporting XSAVE feature 0x004: 'AVX registers'
[    0.000000] x86/fpu: xstate_offset[2]:  576, xstate_sizes[2]:  256
[    0.000000] x86/fpu: Enabled xstate features 0x7, context size is 832 bytes, using 'standard' format.
[    0.000000] e820: BIOS-provided physical RAM map:
[    0.000000] BIOS-e820: [mem 0x0000000000000000-0x000000000009fbff] usable
[    0.000000] BIOS-e820: [mem 0x000000000009fc00-0x000000000009ffff] reserved
[    0.000000] BIOS-e820: [mem 0x00000000000f0000-0x00000000000fffff] reserved
[    0.000000] BIOS-e820: [mem 0x0000000000100000-0x00000000dffeffff] usable
[    0.000000] BIOS-e820: [mem 0x00000000dfff0000-0x00000000dfffffff] ACPI data
[    0.000000] BIOS-e820: [mem 0x00000000fec00000-0x00000000fec00fff] reserved
[    0.000000] BIOS-e820: [mem 0x00000000fee00000-0x00000000fee00fff] reserved
[    0.000000] BIOS-e820: [mem 0x00000000fffc0000-0x00000000ffffffff] reserved
[    0.000000] BIOS-e820: [mem 0x0000000100000000-0x000000011fffffff] usable
[    0.000000] NX (Execute Disable) protection: active
[    0.000000] SMBIOS 2.5 present.
[    0.000000] DMI: innotek GmbH VirtualBox/VirtualBox, BIOS VirtualBox 12/01/2006
[    0.000000] Hypervisor detected: KVM
[    0.000000] e820: last_pfn = 0x120000 max_arch_pfn = 0x400000000
[    0.000000] MTRR: Disabled
[    0.000000] x86/PAT: MTRRs disabled, skipping PAT initialization too.
[    0.000000] CPU MTRRs all blank - virtualized system.
[    0.000000] x86/PAT: Configuration [0-7]: WB  WT  UC- UC  WB  WT  UC- UC  
[    0.000000] e820: last_pfn = 0xdfff0 max_arch_pfn = 0x400000000
[    0.000000] found SMP MP-table at [mem 0x0009fff0-0x0009ffff] mapped at [        (ptrval)]
[    0.000000] Scanning 1 areas for low memory corruption
[    0.000000] RAMDISK: [mem 0x35989000-0x36cbbfff]
[    0.000000] ACPI: Early table checksum verification disabled
[    0.000000] ACPI: RSDP 0x00000000000E0000 000024 (v02 VBOX  )
[    0.000000] ACPI: XSDT 0x00000000DFFF0030 00003C (v01 VBOX   VBOXXSDT 00000001 ASL  00000061)
[    0.000000] ACPI: FACP 0x00000000DFFF00F0 0000F4 (v04 VBOX   VBOXFACP 00000001 ASL  00000061)
[    0.000000] ACPI: DSDT 0x00000000DFFF0480 0022EA (v02 VBOX   VBOXBIOS 00000002 INTL 20100528)
[    0.000000] ACPI: FACS 0x00000000DFFF0200 000040
[    0.000000] ACPI: FACS 0x00000000DFFF0200 000040
[    0.000000] ACPI: APIC 0x00000000DFFF0240 00006C (v02 VBOX   VBOXAPIC 00000001 ASL  00000061)
[    0.000000] ACPI: SSDT 0x00000000DFFF02B0 0001CC (v01 VBOX   VBOXCPUT 00000002 INTL 20100528)
[    0.000000] No NUMA configuration found
[    0.000000] Faking a node at [mem 0x0000000000000000-0x000000011fffffff]
[    0.000000] NODE_DATA(0) allocated [mem 0x11ffd1000-0x11fffbfff]
[    0.000000] kvm-clock: cpu 0, msr 1:1ff50001, primary cpu clock
[    0.000000] kvm-clock: Using msrs 4b564d01 and 4b564d00
[    0.000000] kvm-clock: using sched offset of 4070901220 cycles
[    0.000000] clocksource: kvm-clock: mask: 0xffffffffffffffff max_cycles: 0x1cd42e4dffb, max_idle_ns: 881590591483 ns
[    0.000000] Zone ranges:
[    0.000000]   DMA      [mem 0x0000000000001000-0x0000000000ffffff]
[    0.000000]   DMA32    [mem 0x0000000001000000-0x00000000ffffffff]
[    0.000000]   Normal   [mem 0x0000000100000000-0x000000011fffffff]
[    0.000000]   Device   empty
[    0.000000] Movable zone start for each node
[    0.000000] Early memory node ranges
[    0.000000]   node   0: [mem 0x0000000000001000-0x000000000009efff]
[    0.000000]   node   0: [mem 0x0000000000100000-0x00000000dffeffff]
[    0.000000]   node   0: [mem 0x0000000100000000-0x000000011fffffff]
[    0.000000] Reserved but unavailable: 114 pages
[    0.000000] Initmem setup node 0 [mem 0x0000000000001000-0x000000011fffffff]
[    0.000000] ACPI: PM-Timer IO Port: 0x4008
[    0.000000] IOAPIC[0]: apic_id 4, version 32, address 0xfec00000, GSI 0-23
[    0.000000] ACPI: INT_SRC_OVR (bus 0 bus_irq 0 global_irq 2 dfl dfl)
[    0.000000] ACPI: INT_SRC_OVR (bus 0 bus_irq 9 global_irq 9 low level)
[    0.000000] Using ACPI (MADT) for SMP configuration information
[    0.000000] smpboot: Allowing 4 CPUs, 0 hotplug CPUs
[    0.000000] PM: Registered nosave memory: [mem 0x00000000-0x00000fff]
[    0.000000] PM: Registered nosave memory: [mem 0x0009f000-0x0009ffff]
[    0.000000] PM: Registered nosave memory: [mem 0x000a0000-0x000effff]
[    0.000000] PM: Registered nosave memory: [mem 0x000f0000-0x000fffff]
[    0.000000] PM: Registered nosave memory: [mem 0xdfff0000-0xdfffffff]
[    0.000000] PM: Registered nosave memory: [mem 0xe0000000-0xfebfffff]
[    0.000000] PM: Registered nosave memory: [mem 0xfec00000-0xfec00fff]
[    0.000000] PM: Registered nosave memory: [mem 0xfec01000-0xfedfffff]
[    0.000000] PM: Registered nosave memory: [mem 0xfee00000-0xfee00fff]
[    0.000000] PM: Registered nosave memory: [mem 0xfee01000-0xfffbffff]
[    0.000000] PM: Registered nosave memory: [mem 0xfffc0000-0xffffffff]
[    0.000000] e820: [mem 0xe0000000-0xfebfffff] available for PCI devices
[    0.000000] Booting paravirtualized kernel on KVM
[    0.000000] clocksource: refined-jiffies: mask: 0xffffffff max_cycles: 0xffffffff, max_idle_ns: 7645519600211568 ns
[    0.000000] random: get_random_bytes called from start_kernel+0x99/0x4fd with crng_init=0
[    0.000000] setup_percpu: NR_CPUS:8192 nr_cpumask_bits:4 nr_cpu_ids:4 nr_node_ids:1
[    0.000000] percpu: Embedded 46 pages/cpu @        (ptrval) s151552 r8192 d28672 u524288
[    0.000000] PV qspinlock hash table entries: 256 (order: 0, 4096 bytes)
[    0.000000] Built 1 zonelists, mobility grouping on.  Total pages: 1032057
[    0.000000] Policy zone: Normal
[    0.000000] Kernel command line: BOOT_IMAGE=/boot/vmlinuz-4.15.0-55-generic root=UUID=a5eb06e2-8eb1-4232-8570-2cc927993946 ro console=tty1 console=ttyS0
[    0.000000] Memory: 4013164K/4193848K available (12300K kernel code, 2473K rwdata, 4276K rodata, 2408K init, 2416K bss, 180684K reserved, 0K cma-reserved)
[    0.000000] SLUB: HWalign=64, Order=0-3, MinObjects=0, CPUs=4, Nodes=1
[    0.000000] Kernel/User page tables isolation: enabled
[    0.000000] ftrace: allocating 39219 entries in 154 pages
[    0.004000] Hierarchical RCU implementation.
[    0.004000] 	RCU restricting CPUs from NR_CPUS=8192 to nr_cpu_ids=4.
[    0.004000] 	Tasks RCU enabled.
[    0.004000] RCU: Adjusting geometry for rcu_fanout_leaf=16, nr_cpu_ids=4
[    0.004000] NR_IRQS: 524544, nr_irqs: 456, preallocated irqs: 16
[    0.004000] Console: colour VGA+ 80x25
[    0.004000] console [tty1] enabled
[    0.004000] console [ttyS0] enabled
[    0.004000] ACPI: Core revision 20170831
[    0.004000] ACPI: 2 ACPI AML tables successfully acquired and loaded
[    0.004000] APIC: Switch to symmetric I/O mode setup
[    0.004000] x2apic enabled
[    0.004000] Switched APIC routing to physical x2apic.
[    0.004000] ..TIMER: vector=0x30 apic1=0 pin1=2 apic2=-1 pin2=-1
[    0.004005] tsc: Detected 2194.918 MHz processor
[    0.005187] Calibrating delay loop (skipped) preset value.. 4389.83 BogoMIPS (lpj=8779672)
[    0.008003] pid_max: default: 32768 minimum: 301
[    0.009145] Security Framework initialized
[    0.010132] Yama: becoming mindful.
[    0.011005] AppArmor: AppArmor initialized
[    0.016031] Dentry cache hash table entries: 524288 (order: 10, 4194304 bytes)
[    0.019402] Inode-cache hash table entries: 262144 (order: 9, 2097152 bytes)
[    0.020019] Mount-cache hash table entries: 8192 (order: 4, 65536 bytes)
[    0.021804] Mountpoint-cache hash table entries: 8192 (order: 4, 65536 bytes)
[    0.024219] mce: CPU supports 0 MCE banks
[    0.025315] Last level iTLB entries: 4KB 1024, 2MB 1024, 4MB 1024
[    0.026731] Last level dTLB entries: 4KB 1024, 2MB 1024, 4MB 1024, 1GB 4
[    0.028003] Spectre V2 : Mitigation: Full generic retpoline
[    0.029328] Spectre V2 : Spectre v2 / SpectreRSB mitigation: Filling RSB on context switch
[    0.032004] Speculative Store Bypass: Vulnerable
[    0.033344] MDS: Vulnerable: Clear CPU buffers attempted, no microcode
[    0.035382] Freeing SMP alternatives memory: 36K
[    0.040000] smpboot: CPU0: Intel(R) Core(TM) i7-4770HQ CPU @ 2.20GHz (family: 0x6, model: 0x46, stepping: 0x1)
[    0.040000] Performance Events: unsupported p6 CPU model 70 no PMU driver, software events only.
[    0.040039] Hierarchical SRCU implementation.
[    0.041634] NMI watchdog: Perf event create on CPU 0 failed with -2
[    0.043097] NMI watchdog: Perf NMI watchdog permanently disabled
[    0.044061] smp: Bringing up secondary CPUs ...
[    0.046595] x86: Booting SMP configuration:
[    0.048004] .... node  #0, CPUs:      #1
[    0.004000] kvm-clock: cpu 1, msr 1:1ff50041, secondary cpu clock
[    0.004000] mce: CPU supports 0 MCE banks
[    0.054151]  #2
[    0.004000] kvm-clock: cpu 2, msr 1:1ff50081, secondary cpu clock
[    0.004000] mce: CPU supports 0 MCE banks
[    0.059602]  #3
[    0.004000] kvm-clock: cpu 3, msr 1:1ff500c1, secondary cpu clock
[    0.004000] mce: CPU supports 0 MCE banks
[    0.064039] smp: Brought up 1 node, 4 CPUs
[    0.065033] smpboot: Max logical packages: 1
[    0.066173] smpboot: Total of 4 processors activated (17559.34 BogoMIPS)
[    0.068314] devtmpfs: initialized
[    0.069049] x86/mm: Memory block size: 128MB
[    0.070432] evm: security.selinux
[    0.072004] evm: security.SMACK64
[    0.072859] evm: security.SMACK64EXEC
[    0.073752] evm: security.SMACK64TRANSMUTE
[    0.074853] evm: security.SMACK64MMAP
[    0.076005] evm: security.apparmor
[    0.076943] evm: security.ima
[    0.077819] evm: security.capability
[    0.078769] clocksource: jiffies: mask: 0xffffffff max_cycles: 0xffffffff, max_idle_ns: 7645041785100000 ns
[    0.080011] futex hash table entries: 1024 (order: 4, 65536 bytes)
[    0.084003] pinctrl core: initialized pinctrl subsystem
[    0.085356] RTC time: 16:58:24, date: 08/02/19
[    0.086660] NET: Registered protocol family 16
[    0.087869] audit: initializing netlink subsys (disabled)
[    0.088031] audit: type=2000 audit(1564765110.078:1): state=initialized audit_enabled=0 res=1
[    0.090177] cpuidle: using governor ladder
[    0.092013] cpuidle: using governor menu
[    0.093090] ACPI: bus type PCI registered
[    0.094090] acpiphp: ACPI Hot Plug PCI Controller Driver version: 0.5
[    0.096026] PCI: Using configuration type 1 for base access
[    0.098023] HugeTLB registered 2.00 MiB page size, pre-allocated 0 pages
[    0.101409] ACPI: Added _OSI(Module Device)
[    0.104004] ACPI: Added _OSI(Processor Device)
[    0.105123] ACPI: Added _OSI(3.0 _SCP Extensions)
[    0.106355] ACPI: Added _OSI(Processor Aggregator Device)
[    0.108004] ACPI: Added _OSI(Linux-Dell-Video)
[    0.109189] ACPI: Added _OSI(Linux-Lenovo-NV-HDMI-Audio)
[    0.110504] ACPI: Added _OSI(Linux-HPI-Hybrid-Graphics)
[    0.112389] ACPI: Executed 1 blocks of module-level executable AML code
[    0.117217] ACPI: Interpreter enabled
[    0.118216] ACPI: (supports S0 S5)
[    0.119182] ACPI: Using IOAPIC for interrupt routing
[    0.120219] PCI: Using host bridge windows from ACPI; if necessary, use "pci=nocrs" and report a bug
[    0.122690] ACPI: Enabled 2 GPEs in block 00 to 07
[    0.131600] ACPI: PCI Root Bridge [PCI0] (domain 0000 [bus 00-ff])
[    0.132008] acpi PNP0A03:00: _OSC: OS supports [ASPM ClockPM Segments MSI]
[    0.134336] acpi PNP0A03:00: _OSC: not requesting OS control; OS requires [ExtendedConfig ASPM ClockPM MSI]
[    0.136016] acpi PNP0A03:00: fail to add MMCONFIG information, can't access extended PCI configuration space under this bridge.
[    0.140514] PCI host bridge to bus 0000:00
[    0.141501] pci_bus 0000:00: root bus resource [io  0x0000-0x0cf7 window]
[    0.144003] pci_bus 0000:00: root bus resource [io  0x0d00-0xffff window]
[    0.145761] pci_bus 0000:00: root bus resource [mem 0x000a0000-0x000bffff window]
[    0.148005] pci_bus 0000:00: root bus resource [mem 0xe0000000-0xfdffffff window]
[    0.150167] pci_bus 0000:00: root bus resource [bus 00-ff]
[    0.156128] pci 0000:00:01.1: legacy IDE quirk: reg 0x10: [io  0x01f0-0x01f7]
[    0.157891] pci 0000:00:01.1: legacy IDE quirk: reg 0x14: [io  0x03f6]
[    0.159565] pci 0000:00:01.1: legacy IDE quirk: reg 0x18: [io  0x0170-0x0177]
[    0.160003] pci 0000:00:01.1: legacy IDE quirk: reg 0x1c: [io  0x0376]
[    0.202348] pci 0000:00:07.0: quirk: [io  0x4000-0x403f] claimed by PIIX4 ACPI
[    0.204025] pci 0000:00:07.0: quirk: [io  0x4100-0x410f] claimed by PIIX4 SMB
[    0.229547] ACPI: PCI Interrupt Link [LNKA] (IRQs 5 9 10 *11)
[    0.231397] ACPI: PCI Interrupt Link [LNKB] (IRQs 5 9 *10 11)
[    0.232142] ACPI: PCI Interrupt Link [LNKC] (IRQs 5 *9 10 11)
[    0.233851] ACPI: PCI Interrupt Link [LNKD] (IRQs 5 9 10 *11)
[    0.236396] SCSI subsystem initialized
[    0.237385] pci 0000:00:02.0: vgaarb: setting as boot VGA device
[    0.237440] pci 0000:00:02.0: vgaarb: VGA device added: decodes=io+mem,owns=io+mem,locks=none
[    0.240005] pci 0000:00:02.0: vgaarb: bridge control possible
[    0.241379] vgaarb: loaded
[    0.242084] ACPI: bus type USB registered
[    0.244023] usbcore: registered new interface driver usbfs
[    0.245634] usbcore: registered new interface driver hub
[    0.248027] usbcore: registered new device driver usb
[    0.249362] EDAC MC: Ver: 3.0.0
[    0.249362] PCI: Using ACPI for IRQ routing
[    0.252397] NetLabel: Initializing
[    0.253267] NetLabel:  domain hash size = 128
[    0.254515] NetLabel:  protocols = UNLABELED CIPSOv4 CALIPSO
[    0.256016] NetLabel:  unlabeled traffic allowed by default
[    0.257379] clocksource: Switched to clocksource kvm-clock
[    0.270501] VFS: Disk quotas dquot_6.6.0
[    0.271593] VFS: Dquot-cache hash table entries: 512 (order 0, 4096 bytes)
[    0.273321] AppArmor: AppArmor Filesystem Enabled
[    0.274467] pnp: PnP ACPI init
[    0.276760] pnp: PnP ACPI: found 3 devices
[    0.291573] clocksource: acpi_pm: mask: 0xffffff max_cycles: 0xffffff, max_idle_ns: 2085701024 ns
[    0.293841] NET: Registered protocol family 2
[    0.295169] TCP established hash table entries: 32768 (order: 6, 262144 bytes)
[    0.297430] TCP bind hash table entries: 32768 (order: 7, 524288 bytes)
[    0.300656] TCP: Hash tables configured (established 32768 bind 32768)
[    0.302436] UDP hash table entries: 2048 (order: 4, 65536 bytes)
[    0.303821] UDP-Lite hash table entries: 2048 (order: 4, 65536 bytes)
[    0.305356] NET: Registered protocol family 1
[    0.307278] pci 0000:00:00.0: Limiting direct PCI/PCI transfers
[    0.309311] pci 0000:00:01.0: Activating ISA DMA hang workarounds
[    0.311447] pci 0000:00:02.0: Video device with shadowed ROM at [mem 0x000c0000-0x000dffff]
[    0.313540] Unpacking initramfs...
[    0.588271] Freeing initrd memory: 19660K
[    0.590156] PCI-DMA: Using software bounce buffering for IO (SWIOTLB)
[    0.591905] software IO TLB [mem 0xdbff0000-0xdfff0000] (64MB) mapped at [        (ptrval)-        (ptrval)]
[    0.594733] clocksource: tsc: mask: 0xffffffffffffffff max_cycles: 0x1fa37202099, max_idle_ns: 440795206796 ns
[    0.597140] platform rtc_cmos: registered platform RTC device (no PNP device found)
[    0.598974] Scanning for low memory corruption every 60 seconds
[    0.601257] Initialise system trusted keyrings
[    0.602349] Key type blacklist registered
[    0.603471] workingset: timestamp_bits=36 max_order=20 bucket_order=0
[    0.605925] zbud: loaded
[    0.607135] squashfs: version 4.0 (2009/01/31) Phillip Lougher
[    0.608911] fuse init (API version 7.26)
[    0.617205] Key type asymmetric registered
[    0.618469] Asymmetric key parser 'x509' registered
[    0.619757] Block layer SCSI generic (bsg) driver version 0.4 loaded (major 246)
[    0.621858] io scheduler noop registered
[    0.622796] io scheduler deadline registered
[    0.623850] io scheduler cfq registered (default)
[    0.625801] ACPI: AC Adapter [AC] (on-line)
[    0.627331] input: Power Button as /devices/LNXSYSTM:00/LNXPWRBN:00/input/input0
[    0.629571] ACPI: Power Button [PWRF]
[    0.630695] input: Sleep Button as /devices/LNXSYSTM:00/LNXSLPBN:00/input/input1
[    0.632579] ACPI: Sleep Button [SLPF]
[    0.635480] ACPI: Battery Slot [BAT0] (battery present)
[    0.637041] Serial: 8250/16550 driver, 32 ports, IRQ sharing enabled
 	
 !"#$%&'()*+,-./0123456789:;<=>?@ABCDEFGHIJKLMNOPQRSTUVWXYZ[\]^_`abcdefghijklmnopqrstuvwxyz{|}~€‚ƒ„…†‡ˆ‰Š‹ŒŽ‘’“”•–—˜™š›œžŸ ¡¢£¤¥¦§¨©ª«¬­®¯°±²³´µ¶·¸¹º»¼½¾¿ÀÁÂÃÄÅÆÇÈÉÊËÌÍÎÏÐÑÒÓÔÕÖ×ØÙÚÛÜÝÞßàáâãäåæçèéêëìíîïðñòóôõö÷øùúûüýþÿ[    0.663604] 00:02: ttyS0 at I/O 0x3f8 (irq = 4, base_baud = 115200) is a 16550A
[    0.670854] Linux agpgart interface v0.103
[    0.674959] loop: module loaded
[    0.676799] scsi host0: ata_piix
[    0.678009] scsi host1: ata_piix
[    0.679029] ata1: PATA max UDMA/33 cmd 0x1f0 ctl 0x3f6 bmdma 0xd000 irq 14
[    0.680682] ata2: PATA max UDMA/33 cmd 0x170 ctl 0x376 bmdma 0xd008 irq 15
[    0.682738] libphy: Fixed MDIO Bus: probed
[    0.683758] tun: Universal TUN/TAP device driver, 1.6
[    0.685110] PPP generic driver version 2.4.2
[    0.686735] ehci_hcd: USB 2.0 'Enhanced' Host Controller (EHCI) Driver
[    0.688410] ehci-pci: EHCI PCI platform driver
[    0.689491] ehci-platform: EHCI generic platform driver
[    0.690942] ohci_hcd: USB 1.1 'Open' Host Controller (OHCI) Driver
[    0.692604] ohci-pci: OHCI PCI platform driver
[    0.694597] ohci-platform: OHCI generic platform driver
[    0.695813] uhci_hcd: USB Universal Host Controller Interface driver
[    0.697678] i8042: PNP: PS/2 Controller [PNP0303:PS2K,PNP0f03:PS2M] at 0x60,0x64 irq 1,12
[    0.700051] serio: i8042 KBD port at 0x60,0x64 irq 1
[    0.701633] serio: i8042 AUX port at 0x60,0x64 irq 12
[    0.703100] mousedev: PS/2 mouse device common for all mice
[    0.705201] rtc_cmos rtc_cmos: rtc core: registered rtc_cmos as rtc0
[    0.707004] input: AT Translated Set 2 keyboard as /devices/platform/i8042/serio0/input/input2
[    0.708101] rtc_cmos rtc_cmos: alarms up to one day, 114 bytes nvram
[    0.708110] i2c /dev entries driver
[    0.708170] device-mapper: uevent: version 1.0.3
[    0.708223] device-mapper: ioctl: 4.37.0-ioctl (2017-09-20) initialised: dm-devel@redhat.com
[    0.715219] ledtrig-cpu: registered to indicate activity on CPUs
[    0.718201] NET: Registered protocol family 10
[    0.725612] Segment Routing with IPv6
[    0.726578] NET: Registered protocol family 17
[    0.727897] Key type dns_resolver registered
[    0.729696] RAS: Correctable Errors collector initialized.
[    0.731110] sched_clock: Marking stable (729622192, 0)->(1142840161, -413217969)
[    0.733838] registered taskstats version 1
[    0.734813] Loading compiled-in X.509 certificates
[    0.739468] Loaded X.509 cert 'Build time autogenerated kernel key: 2ed9c0a78927f1fed24db33f01fd983502d97350'
[    0.742205] zswap: loaded using pool lzo/zbud
[    0.747432] Key type big_key registered
[    0.748679] Key type trusted registered
[    0.751540] Key type encrypted registered
[    0.752909] AppArmor: AppArmor sha1 policy hashing enabled
[    0.754333] ima: No TPM chip found, activating TPM-bypass! (rc=-19)
[    0.755808] ima: Allocated hash algorithm: sha1
[    0.757335] evm: HMAC attrs: 0x1
[    0.758476]   Magic number: 15:301:994
[    0.759371]   hash matches /build/linux-aAn8fZ/linux-4.15.0/drivers/base/power/main.c:618
[    0.761720] rtc_cmos rtc_cmos: setting system clock to 2019-08-02 16:58:25 UTC (1564765105)
[    0.763951] BIOS EDD facility v0.16 2004-Jun-25, 0 devices found
[    0.765847] EDD information not available.
[    0.847458] Freeing unused kernel image memory: 2408K
[    0.861206] Write protecting the kernel read-only data: 20480k
[    0.865216] Freeing unused kernel image memory: 2008K
[    0.867637] Freeing unused kernel image memory: 1868K
[    0.875585] x86/mm: Checked W+X mappings: passed, no W+X pages found.
[    0.877830] x86/mm: Checking user space page tables
[    0.884577] x86/mm: Checked W+X mappings: passed, no W+X pages found.
Loading, please wait...
starting version 237
[    0.947191] e1000: Intel(R) PRO/1000 Network Driver - version 7.3.21-k8-NAPI
[    0.949170] e1000: Copyright (c) 1999-2006 Intel Corporation.
[    0.957270] Fusion MPT base driver 3.04.20
[    0.958321] Copyright (c) 1999-2008 LSI Corporation
[    0.963904] AVX2 version of gcm_enc/dec engaged.
[    0.965329] AES CTR mode by8 optimization enabled
[    0.974483] Fusion MPT SPI Host driver 3.04.20
[    1.161446] input: ImExPS/2 Generic Explorer Mouse as /devices/platform/i8042/serio1/input/input4
[    1.387123] e1000 0000:00:03.0 eth0: (PCI:33MHz:32-bit) 02:26:45:5c:bc:af
[    1.389185] e1000 0000:00:03.0 eth0: Intel(R) PRO/1000 Network Connection
[    1.391843] mptbase: ioc0: Initiating bringup
[    1.538293] ioc0: LSI53C1030 A0: Capabilities={Initiator}
[    2.180032] scsi host2: ioc0: LSI53C1030 A0, FwRev=00000000h, Ports=1, MaxQ=256, IRQ=20
[    2.937845] scsi 2:0:0:0: Direct-Access     VBOX     HARDDISK         1.0  PQ: 0 ANSI: 5
[    2.969120] scsi target2:0:0: Beginning Domain Validation
[    2.974362] scsi target2:0:0: Domain Validation skipping write tests
[    2.976227] scsi target2:0:0: Ending Domain Validation
[    2.983900] scsi target2:0:0: asynchronous
[    2.986306] scsi 2:0:1:0: Direct-Access     VBOX     HARDDISK         1.0  PQ: 0 ANSI: 5
[    3.405609] scsi target2:0:1: Beginning Domain Validation
[    3.410178] random: fast init done
[    3.411910] scsi target2:0:1: Domain Validation skipping write tests
[    3.413693] scsi target2:0:1: Ending Domain Validation
[    3.415380] scsi target2:0:1: asynchronous
[    3.422324] random: systemd-udevd: uninitialized urandom read (16 bytes read)
[    3.423651] e1000 0000:00:08.0 eth1: (PCI:33MHz:32-bit) 08:00:27:2d:ed:ef
[    3.423655] e1000 0000:00:08.0 eth1: Intel(R) PRO/1000 Network Connection
[    3.426575] sd 2:0:0:0: [sda] 41943040 512-byte logical blocks: (21.5 GB/20.0 GiB)
[    3.426690] sd 2:0:0:0: [sda] Write Protect is off
[    3.426914] sd 2:0:0:0: [sda] Incomplete mode parameter data
[    3.426916] sd 2:0:0:0: [sda] Assuming drive cache: write through
[    3.433587] random: systemd-udevd: uninitialized urandom read (16 bytes read)
[    3.433617] sd 2:0:0:0: Attached scsi generic sg0 type 0
[    3.435586]  sda: sda1
[    3.437490] random: systemd-udevd: uninitialized urandom read (16 bytes read)
[    3.438199] sd 2:0:1:0: [sdb] 20480 512-byte logical blocks: (10.5 MB/10.0 MiB)
[    3.438294] sd 2:0:1:0: [sdb] Write Protect is off
[    3.438500] sd 2:0:1:0: [sdb] Incomplete mode parameter data
[    3.438501] sd 2:0:1:0: [sdb] Assuming drive cache: write through
[    3.438516] sd 2:0:0:0: [sda] Attached SCSI disk
[    3.446969] sd 2:0:1:0: Attached scsi generic sg1 type 0
[    3.447798] e1000 0000:00:03.0 enp0s3: renamed from eth0
[    3.451795] sd 2:0:1:0: [sdb] Attached SCSI disk
[    3.476848] e1000 0000:00:08.0 enp0s8: renamed from eth1
Begin: Loading essential drivers ... [    4.924235] raid6: sse2x1   gen() 10640 MB/s
[    4.972606] raid6: sse2x1   xor()  7702 MB/s
[    5.020312] raid6: sse2x2   gen() 12531 MB/s
[    5.068602] raid6: sse2x2   xor()  7635 MB/s
[    5.116361] raid6: sse2x4   gen() 14506 MB/s
[    5.164217] raid6: sse2x4   xor()  9383 MB/s
[    5.212396] raid6: avx2x1   gen() 21020 MB/s
[    5.260295] raid6: avx2x1   xor() 13904 MB/s
[    5.308429] raid6: avx2x2   gen() 23979 MB/s
[    5.356415] raid6: avx2x2   xor() 14897 MB/s
[    5.404084] raid6: avx2x4   gen() 27264 MB/s
[    5.452205] raid6: avx2x4   xor() 16572 MB/s
[    5.453433] raid6: using algorithm avx2x4 gen() 27264 MB/s
[    5.454988] raid6: .... xor() 16572 MB/s, rmw enabled
[    5.456700] raid6: using avx2x2 recovery algorithm
[    5.459721] xor: automatically using best checksumming function   avx       
[    5.462761] async_tx: api initialized (async)
done.
Begin: Running /scripts/init-premount ... done.
Begin: Mounting root file system ... Begin: Running /scripts/local-top ... done.
Begin: Running /scripts/local-premount ... [    5.511042] Btrfs loaded, crc32c=crc32c-intel
Scanning for Btrfs filesystems
done.
Warning: fsck not present, so skipping root file system
[    5.541777] EXT4-fs (sda1): INFO: recovery required on readonly filesystem
[    5.543699] EXT4-fs (sda1): write access will be enabled during recovery
[    5.616357] EXT4-fs (sda1): orphan cleanup on readonly fs
[    5.620565] EXT4-fs (sda1): 10 orphan inodes deleted
[    5.621752] EXT4-fs (sda1): recovery complete
[    5.630650] EXT4-fs (sda1): mounted filesystem with ordered data mode. Opts: (null)
done.
Begin: Running /scripts/local-bottom ... done.
Begin: Running /scripts/init-bottom ... done.
[    5.829155] ip_tables: (C) 2000-2006 Netfilter Core Team
[    5.845525] systemd[1]: systemd 237 running in system mode. (+PAM +AUDIT +SELINUX +IMA +APPARMOR +SMACK +SYSVINIT +UTMP +LIBCRYPTSETUP +GCRYPT +GNUTLS +ACL +XZ +LZ4 +SECCOMP +BLKID +ELFUTILS +KMOD -IDN2 +IDN -PCRE2 default-hierarchy=hybrid)
[    5.851357] systemd[1]: Detected virtualization oracle.
[    5.852631] systemd[1]: Detected architecture x86-64.

Welcome to [1mUbuntu 18.04.2 LTS[0m!

[    6.383385] systemd[1]: Set hostname to <ubuntu-bionic>.
[    6.707649] systemd[1]: Created slice User and Session Slice.
[[0;32m  OK  [0m] Created slice User and Session Slice.
[    6.709777] systemd[1]: Reached target User and Group Name Lookups.
[[0;32m  OK  [0m] Reached target User and Group Name Lookups.
[    6.727824] systemd[1]: Started Forward Password Requests to Wall Directory Watch.
[[0;32m  OK  [0m] Started Forward Password Requests to Wall Directory Watch.
[    6.733367] systemd[1]: Created slice System Slice.
[[0;32m  OK  [0m] Created slice System Slice.
[    6.735967] systemd[1]: Listening on udev Kernel Socket.
[[0;32m  OK  [0m] Listening on udev Kernel Socket.
[    6.738555] systemd[1]: Listening on /dev/initctl Compatibility Named Pipe.
[[0;32m  OK  [0m] Listening on /dev/initctl Compatibility Named Pipe.
[[0;32m  OK  [0m] Listening on Syslog Socket.
[[0;32m  OK  [0m] Listening on Device-mapper event daemon FIFOs.
[[0;32m  OK  [0m] Created slice system-postfix.slice.
[[0;32m  OK  [0m] Listening on RPCbind Server Activation Socket.
[[0;32m  OK  [0m] Listening on LVM2 poll daemon socket.
[[0;32m  OK  [0m] Listening on Journal Socket.
         Starting Set the console keyboard layout...
         Mounting Kernel Debug File System...
         Starting Remount Root and Kernel File Systems...
         Mounting POSIX Message Queue File System...
[[0;32m  OK  [0m] Set up automount Arbitrary Executabâ€¦rmats File System Automount Point.
[[0;32m  OK  [0m] Listening on Journal Audit Socket.
         Starting Create list of required stâ€¦ce nodes for the current kernel...
[[0;32m  OK  [0m] Reached target System Time Synchronized.
[    6.771479] EXT4-fs (sda1): re-mounted. Opts: (null)
         Starting Load Kernel Modules...
[[0;32m  OK  [0m] Listening on Network Service Netlink Socket.
         Mounting RPC Pipe File System...
[[0;32m  OK  [0m] Reached target Slices.
[[0;32m  OK  [0m] Created slice system-serial\x2dgetty.slice.
         Mounting Huge Pages File System...
[[0;32m  OK  [0m] Reached target Swap.
         Starting Uncomplicated firewall...
[    6.802091] Loading iSCSI transport class v2.0-870.
[[0;32m  OK  [0m] Listening on udev Control Socket.
[[0;32m  OK  [0m] Listening on LVM2 metadata daemon socket.
         Starting Monitoring of LVM2 mirrorsâ€¦ng dmeventd or progress polling...
[[0;32m  OK  [0m] Listening on Journal Socket (/dev/log).
         Starting Journal Service...
         Starting udev Coldplug all Devices...
[    7.335569] iscsi: registered transport (tcp)
[[0;32m  OK  [0m] Mounted Kernel Debug File System.
[[0;32m  OK  [0m] Started Remount Root and Kernel File Systems.
[[0;32m  OK  [0m] Mounted POSIX Message Queue File System.
[[0;32m  OK  [0m] Mounted Huge Pages File System.
[    7.410671] RPC: Registered named UNIX socket transport module.
[    7.412378] RPC: Registered udp transport module.
[    7.413544] RPC: Registered tcp transport module.
[    7.414680] RPC: Registered tcp NFSv4.1 backchannel transport module.
[    7.437832] iscsi: registered transport (iser)
         Starting Load/Save Random Seed...
[[0;32m  OK  [0m] Started Journal Service.
[[0;32m  OK  [0m] Started Set the console keyboard layout.
[[0;32m  OK  [0m] Started Create list of required staâ€¦vice nodes for the current kernel.
[[0;32m  OK  [0m] Started Load Kernel Modules.
[[0;32m  OK  [0m] Mounted RPC Pipe File System.
[[0;32m  OK  [0m] Started Load/Save Random Seed.
[[0;32m  OK  [0m] Started LVM2 metadata daemon.
         Starting Apply Kernel Variables...
         Mounting FUSE Control File System...
         Mounting Kernel Configuration File System...
         Starting Create Static Device Nodes in /dev...
         Starting Flush Journal to Persistent Storage...
[[0;32m  OK  [0m] Mounted FUSE Control File System.
[[0;32m  OK  [0m] Mounted Kernel Configuration File System.
[[0;32m  OK  [0m] Started Monitoring of LVM2 mirrors,â€¦sing dmeventd or progress polling.
[[0;32m  OK  [0m] Started udev Coldplug all Devices.
[[0;32m  OK  [0m] Started Create Static Device Nodes in /dev.
[[0;32m  OK  [0m] Reached target Local File Systems (Pre).
[[0;32m  OK  [0m] Reached target Local File Systems.
         Starting Tell Plymouth To Write Out Runtime Data...
         Starting AppArmor initialization...
         Starting ebtables ruleset management...
         Starting Set console font and keymap...
         Starting Preprocess NFS configuration...
         Starting udev Kernel Device Manager...
[[0;32m  OK  [0m] Started Apply Kernel Variables.
[[0;32m  OK  [0m] Started Tell Plymouth To Write Out Runtime Data.
[[0;32m  OK  [0m] Started Set console font and keymap.
[[0;32m  OK  [0m] Started Preprocess NFS configuration.
[[0;32m  OK  [0m] Reached target NFS client services.
[[0;32m  OK  [0m] Started udev Kernel Device Manager.
[[0;32m  OK  [0m] Started Dispatch Password Requests to Console Directory Watch.
[[0;32m  OK  [0m] Reached target Local Encrypted Volumes.
[[0;32m  OK  [0m] Started ebtables ruleset management.
[[0;32m  OK  [0m] Started Flush Journal to Persistent Storage.
         Starting Create Volatile Files and Directories...
[[0;32m  OK  [0m] Started Create Volatile Files and Directories.
         Starting RPC bind portmap service...
         Starting Update UTMP about System Boot/Shutdown...
[[0;32m  OK  [0m] Started RPC bind portmap service.
[[0;32m  OK  [0m] Found device /dev/ttyS0.
[[0;32m  OK  [0m] Reached target RPC Port Mapper.
[[0;32m  OK  [0m] Started Update UTMP about System Boot/Shutdown.
[[0;32m  OK  [0m] Started AppArmor initialization.
         Starting Initial cloud-init job (pre-networking)...
[[0;32m  OK  [0m] Listening on Load/Save RF Kill Switch Status /dev/rfkill Watch.
[[0;32m  OK  [0m] Started Uncomplicated firewall.
[    9.299049] cloud-init[583]: Cloud-init v. 19.1-1-gbaa47854-0ubuntu1~18.04.1 running 'init-local' at Fri, 02 Aug 2019 16:58:33 +0000. Up 9.09 seconds.
[[0;32m  OK  [0m] Started Initial cloud-init job (pre-networking).
[[0;32m  OK  [0m] Reached target Network (Pre).
         Starting Network Service...
[[0;32m  OK  [0m] Started Network Service.
         Starting Wait for Network to be Configured...
         Starting Network Name Resolution...
[[0;32m  OK  [0m] Started Network Name Resolution.
[[0;32m  OK  [0m] Reached target Network.
[[0;32m  OK  [0m] Reached target Host and Network Name Lookups.
[[0;32m  OK  [0m] Started Wait for Network to be Configured.
         Starting Initial cloud-init job (metadata service crawler)...
[   11.143900] cloud-init[828]: Cloud-init v. 19.1-1-gbaa47854-0ubuntu1~18.04.1 running 'init' at Fri, 02 Aug 2019 16:58:35 +0000. Up 11.00 seconds.
[   11.148545] cloud-init[828]: ci-info: ++++++++++++++++++++++++++++++++++++++Net device info+++++++++++++++++++++++++++++++++++++++
[   11.152811] cloud-init[828]: ci-info: +--------+------+-----------------------------+---------------+--------+-------------------+
[   11.156776] cloud-init[828]: ci-info: | Device |  Up  |           Address           |      Mask     | Scope  |     Hw-Address    |
[   11.160212] cloud-init[828]: ci-info: +--------+------+-----------------------------+---------------+--------+-------------------+
[   11.164843] cloud-init[828]: ci-info: | enp0s3 | True |          10.0.2.15          | 255.255.255.0 | global | 02:26:45:5c:bc:af |
[   11.168569] cloud-init[828]: ci-info: | enp0s3 | True |  fe80::26:45ff:fe5c:bcaf/64 |       .       |  link  | 02:26:45:5c:bc:af |
[   11.171659] cloud-init[828]: ci-info: | enp0s8 | True |          10.0.0.126         | 255.255.255.0 | global | 08:00:27:2d:ed:ef |
[   11.175434] cloud-init[828]: ci-info: | enp0s8 | True | fe80::a00:27ff:fe2d:edef/64 |       .       |  link  | 08:00:27:2d:ed:ef |
[   11.192822] cloud-init[828]: ci-info: |   lo   | True |          127.0.0.1          |   255.0.0.0   |  host  |         .         |
[   11.208832] cloud-init[828]: ci-info: |   lo   | True |           ::1/128           |       .       |  host  |         .         |
[   11.211170] cloud-init[828]: ci-info: +--------+------+-----------------------------+---------------+--------+-------------------+
[   11.213942] cloud-init[828]: ci-info: ++++++++++++++++++++++++++++Route IPv4 info+++++++++++++++++++++++++++++
[   11.215801] cloud-init[828]: ci-info: +-------+-------------+----------+-----------------+-----------+-------+
[   11.217609] cloud-init[828]: ci-info: | Route | Destination | Gateway  |     Genmask     | Interface | Flags |
[   11.228284] cloud-init[828]: ci-info: +-------+-------------+----------+-----------------+-----------+-------+
[   11.231568] cloud-init[828]: ci-info: |   0   |   0.0.0.0   | 10.0.2.2 |     0.0.0.0     |   enp0s3  |   UG  |
[   11.234993] cloud-init[828]: ci-info: |   1   |   10.0.0.0  | 0.0.0.0  |  255.255.255.0  |   enp0s8  |   U   |
[   11.237888] cloud-init[828]: ci-info: |   2   |   10.0.2.0  | 0.0.0.0  |  255.255.255.0  |   enp0s3  |   U   |
[   11.240667] cloud-init[828]: ci-info: |   3   |   10.0.2.2  | 0.0.0.0  | 255.255.255.255 |   enp0s3  |   UH  |
[   11.243188] cloud-init[828]: ci-info: +-------+-------------+----------+-----------------+-----------+-------+
[   11.245897] cloud-init[828]: ci-info: +++++++++++++++++++Route IPv6 info+++++++++++++++++++
[   11.248144] cloud-init[828]: ci-info: +-------+-------------+---------+-----------+-------+
[   11.250300] cloud-init[828]: ci-info: | Route | Destination | Gateway | Interface | Flags |
[   11.252411] cloud-init[828]: ci-info: +-------+-------------+---------+-----------+-------+
[   11.254617] cloud-init[828]: ci-info: |   1   |  fe80::/64  |    ::   |   enp0s8  |   U   |
[   11.256801] cloud-init[828]: ci-info: |   2   |  fe80::/64  |    ::   |   enp0s3  |   U   |
[   11.259371] cloud-init[828]: ci-info: |   4   |    local    |    ::   |   enp0s3  |   U   |
[   11.262061] cloud-init[828]: ci-info: |   5   |    local    |    ::   |   enp0s8  |   U   |
[   11.264615] cloud-init[828]: ci-info: |   6   |   ff00::/8  |    ::   |   enp0s8  |   U   |
[   11.276225] cloud-init[828]: ci-info: |   7   |   ff00::/8  |    ::   |   enp0s3  |   U   |
[   11.278918] cloud-init[828]: ci-info: +-------+-------------+---------+-----------+-------+
[[0;32m  OK  [0m] Started Initial cloud-init job (metadata service crawler).
[[0;32m  OK  [0m] Reached target Network is Online.
[[0;32m  OK  [0m] Reached target Remote File Systems (Pre).
[[0;32m  OK  [0m] Reached target Remote File Systems.
         Starting Availability of block devices...
[[0;32m  OK  [0m] Reached target Cloud-config availability.
[[0;32m  OK  [0m] Reached target System Initialization.
         Starting Socket activation for snappy daemon.
[[0;32m  OK  [0m] Started Daily Cleanup of Temporary Directories.
[[0;32m  OK  [0m] Started Daily apt download activities.
[[0;32m  OK  [0m] Started Clean PHP session files every 30 mins.
[[0;32m  OK  [0m] Listening on D-Bus System Message Bus Socket.
[[0;32m  OK  [0m] Started Daily apt upgrade and clean activities.
[[0;32m  OK  [0m] Started Discard unused blocks once a week.
         Starting LXD - unix socket.
[[0;32m  OK  [0m] Listening on ACPID Listen Socket.
[[0;32m  OK  [0m] Started Message of the Day.
[[0;32m  OK  [0m] Started ACPI Events Check.
[[0;32m  OK  [0m] Reached target Timers.
[[0;32m  OK  [0m] Reached target Paths.
[[0;32m  OK  [0m] Listening on UUID daemon activation socket.
[[0;32m  OK  [0m] Listening on Open-iSCSI iscsid Socket.
[[0;32m  OK  [0m] Started Availability of block devices.
[[0;32m  OK  [0m] Listening on Socket activation for snappy daemon.
[[0;32m  OK  [0m] Listening on LXD - unix socket.
[[0;32m  OK  [0m] Reached target Sockets.
[[0;32m  OK  [0m] Reached target Basic System.
         Starting LSB: automatic crash report generation...
         Starting Postfix Mail Transport Agent (instance -)...
         Starting Dispatcher daemon for systemd-networkd...
         Starting Login Service...
         Starting LXD - container startup/shutdown...
         Starting MySQL Community Server...
         Starting Permit User Sessions...
         Starting Advanced key-value store...
         Starting vboxadd.service...
         Starting A high performance web server and a reverse proxy server...
[[0;32m  OK  [0m] Started irqbalance daemon.
         Starting OpenBSD Secure Shell server...
[[0;32m  OK  [0m] Started D-Bus System Message Bus.
[[0;32m  OK  [0m] Started FUSE filesystem for LXC.
         Starting Clean php session files...
         Starting LSB: Record successful boot for GRUB...
[[0;32m  OK  [0m] Started Deferred execution scheduler.
         Starting System Logging Service...
         Starting The PHP 7.2 FastCGI Process Manager...
         Starting Snappy daemon...
[[0;32m  OK  [0m] Started Regular background program processing daemon.
         Starting Accounts Service...
[[0;32m  OK  [0m] Started System Logging Service.
[[0;32m  OK  [0m] Started Permit User Sessions.
[[0;32m  OK  [0m] Started Advanced key-value store.
[[0;32m  OK  [0m] Started OpenBSD Secure Shell server.
[[0;32m  OK  [0m] Started Login Service.
[[0;32m  OK  [0m] Started Unattended Upgrades Shutdown.
         Starting Terminate Plymouth Boot Screen...
         Starting Hold until boot process finishes up...
[[0;32m  OK  [0m] Started Hold until boot process finishes up.
[[0;32m  OK  [0m] Started Serial Getty on ttyS0.
         Starting Set console scheme...
[[0;32m  OK  [0m] Started Terminate Plymouth Boot Screen.
[[0;32m  OK  [0m] Started A high performance web server and a reverse proxy server.
[[0;32m  OK  [0m] Started Set console scheme.
[[0;32m  OK  [0m] Created slice system-getty.slice.
[[0;32m  OK  [0m] Started Getty on tty1.
[[0;32m  OK  [0m] Reached target Login Prompts.
[[0;32m  OK  [0m] Started LSB: automatic crash report generation.
[[0;32m  OK  [0m] Started LXD - container startup/shutdown.
[[0;32m  OK  [0m] Started LSB: Record successful boot for GRUB.
         Starting Authorization Manager...
[[0;32m  OK  [0m] Started Dispatcher daemon for systemd-networkd.
[[0;32m  OK  [0m] Started Authorization Manager.
[[0;32m  OK  [0m] Started Accounts Service.
[[0;32m  OK  [0m] Started Snappy daemon.
         Starting Wait until snapd is fully seeded...
[[0;32m  OK  [0m] Started Wait until snapd is fully seeded.
         Starting Apply the settings specified in cloud-config...
[[0;32m  OK  [0m] Created slice User Slice of vagrant.
         Starting User Manager for UID 1000...
[[0;32m  OK  [0m] Started Session 1 of user vagrant.
[   13.495808] cloud-init[1397]: Cloud-init v. 19.1-1-gbaa47854-0ubuntu1~18.04.1 running 'modules:config' at Fri, 02 Aug 2019 16:58:38 +0000. Up 13.35 seconds.
[[0;32m  OK  [0m] Started Apply the settings specified in cloud-config.
[[0;32m  OK  [0m] Started User Manager for UID 1000.
[[0;32m  OK  [0m] Started Postfix Mail Transport Agent (instance -).
         Starting Postfix Mail Transport Agent...
[[0;32m  OK  [0m] Started Postfix Mail Transport Agent.
[[0;32m  OK  [0m] Started The PHP 7.2 FastCGI Process Manager.
[[0;32m  OK  [0m] Started MySQL Community Server.
[[0;32m  OK  [0m] Started vboxadd.service.
[[0;32m  OK  [0m] Started Clean php session files.
         Starting vboxadd-service.service...
[[0;32m  OK  [0m] Started vboxadd-service.service.
[[0;32m  OK  [0m] Reached target Multi-User System.
[[0;32m  OK  [0m] Reached target Graphical Interface.
         Starting Update UTMP about System Runlevel Changes...
         Starting Execute cloud user/final scripts...
[[0;32m  OK  [0m] Started Update UTMP about System Runlevel Changes.
[   14.846193] cloud-init[1784]: Cloud-init v. 19.1-1-gbaa47854-0ubuntu1~18.04.1 running 'modules:final' at Fri, 02 Aug 2019 16:58:39 +0000. Up 14.74 seconds.
[   14.849430] cloud-init[1784]: Cloud-init v. 19.1-1-gbaa47854-0ubuntu1~18.04.1 finished at Fri, 02 Aug 2019 16:58:39 +0000. Datasource DataSourceNoCloud [seed=/dev/sdb][dsmode=net].  Up 14.83 seconds
[[0;32m  OK  [0m] Started Execute cloud user/final scripts.
[[0;32m  OK  [0m] Reached target Cloud-init target.

Ubuntu 18.04.2 LTS ubuntu-bionic ttyS0

ubuntu-bionic login: 