[    0.000000] Linux version 4.15.0-54-generic (buildd@lgw01-amd64-014) (gcc version 7.4.0 (Ubuntu 7.4.0-1ubuntu1~18.04.1)) #58-Ubuntu SMP Mon Jun 24 10:55:24 UTC 2019 (Ubuntu 4.15.0-54.58-generic 4.15.18)
[    0.000000] Command line: BOOT_IMAGE=/boot/vmlinuz-4.15.0-54-generic root=LABEL=cloudimg-rootfs ro console=tty1 console=ttyS0
[    0.000000] KERNEL supported cpus:
[    0.000000]   Intel GenuineIntel
[    0.000000]   AMD AuthenticAMD
[    0.000000]   Centaur CentaurHauls
[    0.000000] x86/fpu: Supporting XSAVE feature 0x001: 'x87 floating point registers'
[    0.000000] x86/fpu: Supporting XSAVE feature 0x002: 'SSE registers'
[    0.000000] x86/fpu: Supporting XSAVE feature 0x004: 'AVX registers'
[    0.000000] x86/fpu: xstate_offset[2]:  576, xstate_sizes[2]:  256
[    0.000000] x86/fpu: Enabled xstate features 0x7, context size is 832 bytes, using 'standard' format.
[    0.000000] e820: BIOS-provided physical RAM map:
[    0.000000] BIOS-e820: [mem 0x0000000000000000-0x000000000009fbff] usable
[    0.000000] BIOS-e820: [mem 0x000000000009fc00-0x000000000009ffff] reserved
[    0.000000] BIOS-e820: [mem 0x00000000000f0000-0x00000000000fffff] reserved
[    0.000000] BIOS-e820: [mem 0x0000000000100000-0x00000000dffeffff] usable
[    0.000000] BIOS-e820: [mem 0x00000000dfff0000-0x00000000dfffffff] ACPI data
[    0.000000] BIOS-e820: [mem 0x00000000fec00000-0x00000000fec00fff] reserved
[    0.000000] BIOS-e820: [mem 0x00000000fee00000-0x00000000fee00fff] reserved
[    0.000000] BIOS-e820: [mem 0x00000000fffc0000-0x00000000ffffffff] reserved
[    0.000000] BIOS-e820: [mem 0x0000000100000000-0x000000011fffffff] usable
[    0.000000] NX (Execute Disable) protection: active
[    0.000000] SMBIOS 2.5 present.
[    0.000000] DMI: innotek GmbH VirtualBox/VirtualBox, BIOS VirtualBox 12/01/2006
[    0.000000] Hypervisor detected: KVM
[    0.000000] e820: last_pfn = 0x120000 max_arch_pfn = 0x400000000
[    0.000000] MTRR: Disabled
[    0.000000] x86/PAT: MTRRs disabled, skipping PAT initialization too.
[    0.000000] CPU MTRRs all blank - virtualized system.
[    0.000000] x86/PAT: Configuration [0-7]: WB  WT  UC- UC  WB  WT  UC- UC  
[    0.000000] e820: last_pfn = 0xdfff0 max_arch_pfn = 0x400000000
[    0.000000] found SMP MP-table at [mem 0x0009fff0-0x0009ffff] mapped at [        (ptrval)]
[    0.000000] Scanning 1 areas for low memory corruption
[    0.000000] RAMDISK: [mem 0x35a93000-0x36d40fff]
[    0.000000] ACPI: Early table checksum verification disabled
[    0.000000] ACPI: RSDP 0x00000000000E0000 000024 (v02 VBOX  )
[    0.000000] ACPI: XSDT 0x00000000DFFF0030 00003C (v01 VBOX   VBOXXSDT 00000001 ASL  00000061)
[    0.000000] ACPI: FACP 0x00000000DFFF00F0 0000F4 (v04 VBOX   VBOXFACP 00000001 ASL  00000061)
[    0.000000] ACPI: DSDT 0x00000000DFFF0480 0022EA (v02 VBOX   VBOXBIOS 00000002 INTL 20100528)
[    0.000000] ACPI: FACS 0x00000000DFFF0200 000040
[    0.000000] ACPI: FACS 0x00000000DFFF0200 000040
[    0.000000] ACPI: APIC 0x00000000DFFF0240 00006C (v02 VBOX   VBOXAPIC 00000001 ASL  00000061)
[    0.000000] ACPI: SSDT 0x00000000DFFF02B0 0001CC (v01 VBOX   VBOXCPUT 00000002 INTL 20100528)
[    0.000000] No NUMA configuration found
[    0.000000] Faking a node at [mem 0x0000000000000000-0x000000011fffffff]
[    0.000000] NODE_DATA(0) allocated [mem 0x11ffd1000-0x11fffbfff]
[    0.000000] kvm-clock: cpu 0, msr 1:1ff50001, primary cpu clock
[    0.000000] kvm-clock: Using msrs 4b564d01 and 4b564d00
[    0.000000] kvm-clock: using sched offset of 3748482372 cycles
[    0.000000] clocksource: kvm-clock: mask: 0xffffffffffffffff max_cycles: 0x1cd42e4dffb, max_idle_ns: 881590591483 ns
[    0.000000] Zone ranges:
[    0.000000]   DMA      [mem 0x0000000000001000-0x0000000000ffffff]
[    0.000000]   DMA32    [mem 0x0000000001000000-0x00000000ffffffff]
[    0.000000]   Normal   [mem 0x0000000100000000-0x000000011fffffff]
[    0.000000]   Device   empty
[    0.000000] Movable zone start for each node
[    0.000000] Early memory node ranges
[    0.000000]   node   0: [mem 0x0000000000001000-0x000000000009efff]
[    0.000000]   node   0: [mem 0x0000000000100000-0x00000000dffeffff]
[    0.000000]   node   0: [mem 0x0000000100000000-0x000000011fffffff]
[    0.000000] Reserved but unavailable: 114 pages
[    0.000000] Initmem setup node 0 [mem 0x0000000000001000-0x000000011fffffff]
[    0.000000] ACPI: PM-Timer IO Port: 0x4008
[    0.000000] IOAPIC[0]: apic_id 4, version 32, address 0xfec00000, GSI 0-23
[    0.000000] ACPI: INT_SRC_OVR (bus 0 bus_irq 0 global_irq 2 dfl dfl)
[    0.000000] ACPI: INT_SRC_OVR (bus 0 bus_irq 9 global_irq 9 low level)
[    0.000000] Using ACPI (MADT) for SMP configuration information
[    0.000000] smpboot: Allowing 4 CPUs, 0 hotplug CPUs
[    0.000000] PM: Registered nosave memory: [mem 0x00000000-0x00000fff]
[    0.000000] PM: Registered nosave memory: [mem 0x0009f000-0x0009ffff]
[    0.000000] PM: Registered nosave memory: [mem 0x000a0000-0x000effff]
[    0.000000] PM: Registered nosave memory: [mem 0x000f0000-0x000fffff]
[    0.000000] PM: Registered nosave memory: [mem 0xdfff0000-0xdfffffff]
[    0.000000] PM: Registered nosave memory: [mem 0xe0000000-0xfebfffff]
[    0.000000] PM: Registered nosave memory: [mem 0xfec00000-0xfec00fff]
[    0.000000] PM: Registered nosave memory: [mem 0xfec01000-0xfedfffff]
[    0.000000] PM: Registered nosave memory: [mem 0xfee00000-0xfee00fff]
[    0.000000] PM: Registered nosave memory: [mem 0xfee01000-0xfffbffff]
[    0.000000] PM: Registered nosave memory: [mem 0xfffc0000-0xffffffff]
[    0.000000] e820: [mem 0xe0000000-0xfebfffff] available for PCI devices
[    0.000000] Booting paravirtualized kernel on KVM
[    0.000000] clocksource: refined-jiffies: mask: 0xffffffff max_cycles: 0xffffffff, max_idle_ns: 7645519600211568 ns
[    0.000000] random: get_random_bytes called from start_kernel+0x99/0x4fd with crng_init=0
[    0.000000] setup_percpu: NR_CPUS:8192 nr_cpumask_bits:4 nr_cpu_ids:4 nr_node_ids:1
[    0.000000] percpu: Embedded 46 pages/cpu @        (ptrval) s151552 r8192 d28672 u524288
[    0.000000] PV qspinlock hash table entries: 256 (order: 0, 4096 bytes)
[    0.000000] Built 1 zonelists, mobility grouping on.  Total pages: 1032057
[    0.000000] Policy zone: Normal
[    0.000000] Kernel command line: BOOT_IMAGE=/boot/vmlinuz-4.15.0-54-generic root=LABEL=cloudimg-rootfs ro console=tty1 console=ttyS0
[    0.000000] Memory: 4013696K/4193848K available (12300K kernel code, 2473K rwdata, 4272K rodata, 2408K init, 2416K bss, 180152K reserved, 0K cma-reserved)
[    0.000000] SLUB: HWalign=64, Order=0-3, MinObjects=0, CPUs=4, Nodes=1
[    0.000000] Kernel/User page tables isolation: enabled
[    0.000000] ftrace: allocating 39216 entries in 154 pages
[    0.004000] Hierarchical RCU implementation.
[    0.004000] 	RCU restricting CPUs from NR_CPUS=8192 to nr_cpu_ids=4.
[    0.004000] 	Tasks RCU enabled.
[    0.004000] RCU: Adjusting geometry for rcu_fanout_leaf=16, nr_cpu_ids=4
[    0.004000] NR_IRQS: 524544, nr_irqs: 456, preallocated irqs: 16
[    0.004000] Console: colour VGA+ 80x25
[    0.004000] console [tty1] enabled
[    0.004000] console [ttyS0] enabled
[    0.004000] ACPI: Core revision 20170831
[    0.004000] ACPI: 2 ACPI AML tables successfully acquired and loaded
[    0.004000] APIC: Switch to symmetric I/O mode setup
[    0.004000] x2apic enabled
[    0.004000] Switched APIC routing to physical x2apic.
[    0.004000] ..TIMER: vector=0x30 apic1=0 pin1=2 apic2=-1 pin2=-1
[    0.004004] tsc: Detected 2194.918 MHz processor
[    0.005057] Calibrating delay loop (skipped) preset value.. 4389.83 BogoMIPS (lpj=8779672)
[    0.008002] pid_max: default: 32768 minimum: 301
[    0.009156] Security Framework initialized
[    0.010181] Yama: becoming mindful.
[    0.011015] AppArmor: AppArmor initialized
[    0.015127] Dentry cache hash table entries: 524288 (order: 10, 4194304 bytes)
[    0.017571] Inode-cache hash table entries: 262144 (order: 9, 2097152 bytes)
[    0.020030] Mount-cache hash table entries: 8192 (order: 4, 65536 bytes)
[    0.021896] Mountpoint-cache hash table entries: 8192 (order: 4, 65536 bytes)
[    0.024229] mce: CPU supports 0 MCE banks
[    0.025483] Last level iTLB entries: 4KB 1024, 2MB 1024, 4MB 1024
[    0.026954] Last level dTLB entries: 4KB 1024, 2MB 1024, 4MB 1024, 1GB 4
[    0.028003] Spectre V2 : Mitigation: Full generic retpoline
[    0.029430] Spectre V2 : Spectre v2 / SpectreRSB mitigation: Filling RSB on context switch
[    0.032001] Speculative Store Bypass: Vulnerable
[    0.033127] MDS: Vulnerable: Clear CPU buffers attempted, no microcode
[    0.036086] Freeing SMP alternatives memory: 36K
[    0.040000] smpboot: CPU0: Intel(R) Core(TM) i7-4770HQ CPU @ 2.20GHz (family: 0x6, model: 0x46, stepping: 0x1)
[    0.040000] Performance Events: unsupported p6 CPU model 70 no PMU driver, software events only.
[    0.040033] Hierarchical SRCU implementation.
[    0.041787] NMI watchdog: Perf event create on CPU 0 failed with -2
[    0.044002] NMI watchdog: Perf NMI watchdog permanently disabled
[    0.045588] smp: Bringing up secondary CPUs ...
[    0.048086] x86: Booting SMP configuration:
[    0.049092] .... node  #0, CPUs:      #1
[    0.004000] kvm-clock: cpu 1, msr 1:1ff50041, secondary cpu clock
[    0.004000] mce: CPU supports 0 MCE banks
[    0.056085]  #2
[    0.004000] kvm-clock: cpu 2, msr 1:1ff50081, secondary cpu clock
[    0.004000] mce: CPU supports 0 MCE banks
[    0.060077]  #3
[    0.004000] kvm-clock: cpu 3, msr 1:1ff500c1, secondary cpu clock
[    0.004000] mce: CPU supports 0 MCE banks
[    0.066125] smp: Brought up 1 node, 4 CPUs
[    0.066125] smpboot: Max logical packages: 1
[    0.068004] smpboot: Total of 4 processors activated (17559.34 BogoMIPS)
[    0.070204] devtmpfs: initialized
[    0.070204] x86/mm: Memory block size: 128MB
[    0.072337] evm: security.selinux
[    0.073241] evm: security.SMACK64
[    0.074017] evm: security.SMACK64EXEC
[    0.076003] evm: security.SMACK64TRANSMUTE
[    0.077154] evm: security.SMACK64MMAP
[    0.078050] evm: security.apparmor
[    0.078865] evm: security.ima
[    0.080003] evm: security.capability
[    0.080947] clocksource: jiffies: mask: 0xffffffff max_cycles: 0xffffffff, max_idle_ns: 7645041785100000 ns
[    0.084008] futex hash table entries: 1024 (order: 4, 65536 bytes)
[    0.085585] pinctrl core: initialized pinctrl subsystem
[    0.086889] RTC time: 22:12:53, date: 08/01/19
[    0.088204] NET: Registered protocol family 16
[    0.089374] audit: initializing netlink subsys (disabled)
[    0.090960] audit: type=2000 audit(1564697578.134:1): state=initialized audit_enabled=0 res=1
[    0.092017] cpuidle: using governor ladder
[    0.093199] cpuidle: using governor menu
[    0.096033] ACPI: bus type PCI registered
[    0.097164] acpiphp: ACPI Hot Plug PCI Controller Driver version: 0.5
[    0.098969] PCI: Using configuration type 1 for base access
[    0.101038] HugeTLB registered 2.00 MiB page size, pre-allocated 0 pages
[    0.105646] ACPI: Added _OSI(Module Device)
[    0.105646] ACPI: Added _OSI(Processor Device)
[    0.108004] ACPI: Added _OSI(3.0 _SCP Extensions)
[    0.109962] ACPI: Added _OSI(Processor Aggregator Device)
[    0.111206] ACPI: Added _OSI(Linux-Dell-Video)
[    0.112003] ACPI: Added _OSI(Linux-Lenovo-NV-HDMI-Audio)
[    0.113303] ACPI: Added _OSI(Linux-HPI-Hybrid-Graphics)
[    0.116010] ACPI: Executed 1 blocks of module-level executable AML code
[    0.121541] ACPI: Interpreter enabled
[    0.122587] ACPI: (supports S0 S5)
[    0.123421] ACPI: Using IOAPIC for interrupt routing
[    0.124206] PCI: Using host bridge windows from ACPI; if necessary, use "pci=nocrs" and report a bug
[    0.126645] ACPI: Enabled 2 GPEs in block 00 to 07
[    0.135364] ACPI: PCI Root Bridge [PCI0] (domain 0000 [bus 00-ff])
[    0.136008] acpi PNP0A03:00: _OSC: OS supports [ASPM ClockPM Segments MSI]
[    0.138167] acpi PNP0A03:00: _OSC: not requesting OS control; OS requires [ExtendedConfig ASPM ClockPM MSI]
[    0.140013] acpi PNP0A03:00: fail to add MMCONFIG information, can't access extended PCI configuration space under this bridge.
[    0.144492] PCI host bridge to bus 0000:00
[    0.145461] pci_bus 0000:00: root bus resource [io  0x0000-0x0cf7 window]
[    0.148003] pci_bus 0000:00: root bus resource [io  0x0d00-0xffff window]
[    0.149631] pci_bus 0000:00: root bus resource [mem 0x000a0000-0x000bffff window]
[    0.152002] pci_bus 0000:00: root bus resource [mem 0xe0000000-0xfdffffff window]
[    0.153888] pci_bus 0000:00: root bus resource [bus 00-ff]
[    0.159265] pci 0000:00:01.1: legacy IDE quirk: reg 0x10: [io  0x01f0-0x01f7]
[    0.160004] pci 0000:00:01.1: legacy IDE quirk: reg 0x14: [io  0x03f6]
[    0.161665] pci 0000:00:01.1: legacy IDE quirk: reg 0x18: [io  0x0170-0x0177]
[    0.164002] pci 0000:00:01.1: legacy IDE quirk: reg 0x1c: [io  0x0376]
[    0.202543] pci 0000:00:07.0: quirk: [io  0x4000-0x403f] claimed by PIIX4 ACPI
[    0.204025] pci 0000:00:07.0: quirk: [io  0x4100-0x410f] claimed by PIIX4 SMB
[    0.229462] ACPI: PCI Interrupt Link [LNKA] (IRQs 5 9 10 *11)
[    0.231431] ACPI: PCI Interrupt Link [LNKB] (IRQs 5 9 *10 11)
[    0.232154] ACPI: PCI Interrupt Link [LNKC] (IRQs 5 *9 10 11)
[    0.233663] ACPI: PCI Interrupt Link [LNKD] (IRQs 5 9 10 *11)
[    0.235422] SCSI subsystem initialized
[    0.236070] pci 0000:00:02.0: vgaarb: setting as boot VGA device
[    0.237686] pci 0000:00:02.0: vgaarb: VGA device added: decodes=io+mem,owns=io+mem,locks=none
[    0.240005] pci 0000:00:02.0: vgaarb: bridge control possible
[    0.241480] vgaarb: loaded
[    0.242204] ACPI: bus type USB registered
[    0.244023] usbcore: registered new interface driver usbfs
[    0.245557] usbcore: registered new interface driver hub
[    0.246887] usbcore: registered new device driver usb
[    0.248074] EDAC MC: Ver: 3.0.0
[    0.249374] PCI: Using ACPI for IRQ routing
[    0.252399] NetLabel: Initializing
[    0.253201] NetLabel:  domain hash size = 128
[    0.254236] NetLabel:  protocols = UNLABELED CIPSOv4 CALIPSO
[    0.256000] NetLabel:  unlabeled traffic allowed by default
[    0.256167] clocksource: Switched to clocksource kvm-clock
[    0.270700] VFS: Disk quotas dquot_6.6.0
[    0.271771] VFS: Dquot-cache hash table entries: 512 (order 0, 4096 bytes)
[    0.273596] AppArmor: AppArmor Filesystem Enabled
[    0.274695] pnp: PnP ACPI init
[    0.276875] pnp: PnP ACPI: found 3 devices
[    0.292062] clocksource: acpi_pm: mask: 0xffffff max_cycles: 0xffffff, max_idle_ns: 2085701024 ns
[    0.294266] NET: Registered protocol family 2
[    0.295752] TCP established hash table entries: 32768 (order: 6, 262144 bytes)
[    0.297665] TCP bind hash table entries: 32768 (order: 7, 524288 bytes)
[    0.300796] TCP: Hash tables configured (established 32768 bind 32768)
[    0.302343] UDP hash table entries: 2048 (order: 4, 65536 bytes)
[    0.304272] UDP-Lite hash table entries: 2048 (order: 4, 65536 bytes)
[    0.305864] NET: Registered protocol family 1
[    0.306873] pci 0000:00:00.0: Limiting direct PCI/PCI transfers
[    0.308287] pci 0000:00:01.0: Activating ISA DMA hang workarounds
[    0.309776] pci 0000:00:02.0: Video device with shadowed ROM at [mem 0x000c0000-0x000dffff]
[    0.312139] Unpacking initramfs...
[    0.576094] Freeing initrd memory: 19128K
[    0.580794] PCI-DMA: Using software bounce buffering for IO (SWIOTLB)
[    0.582553] software IO TLB [mem 0xdbff0000-0xdfff0000] (64MB) mapped at [        (ptrval)-        (ptrval)]
[    0.585077] clocksource: tsc: mask: 0xffffffffffffffff max_cycles: 0x1fa37202099, max_idle_ns: 440795206796 ns
[    0.587694] platform rtc_cmos: registered platform RTC device (no PNP device found)
[    0.589658] Scanning for low memory corruption every 60 seconds
[    0.592160] Initialise system trusted keyrings
[    0.593499] Key type blacklist registered
[    0.594843] workingset: timestamp_bits=36 max_order=20 bucket_order=0
[    0.597515] zbud: loaded
[    0.598627] squashfs: version 4.0 (2009/01/31) Phillip Lougher
[    0.600452] fuse init (API version 7.26)
[    0.607637] Key type asymmetric registered
[    0.608753] Asymmetric key parser 'x509' registered
[    0.609951] Block layer SCSI generic (bsg) driver version 0.4 loaded (major 246)
[    0.612370] io scheduler noop registered
[    0.613536] io scheduler deadline registered
[    0.614601] io scheduler cfq registered (default)
[    0.616417] ACPI: AC Adapter [AC] (on-line)
[    0.617470] input: Power Button as /devices/LNXSYSTM:00/LNXPWRBN:00/input/input0
[    0.619296] ACPI: Power Button [PWRF]
[    0.620479] input: Sleep Button as /devices/LNXSYSTM:00/LNXSLPBN:00/input/input1
[    0.622303] ACPI: Sleep Button [SLPF]
[    0.624155] Serial: 8250/16550 driver, 32 ports, IRQ sharing enabled
[    0.625125] ACPI: Battery Slot [BAT0] (battery present)
 	
 !"#$%&'()*+,-./0123456789:;<=>?@ABCDEFGHIJKLMNOPQRSTUVWXYZ[\]^_`abcdefghijklmnopqrstuvwxyz{|}~€‚ƒ„…†‡ˆ‰Š‹ŒŽ‘’“”•–—˜™š›œžŸ ¡¢£¤¥¦§¨©ª«¬­®¯°±²³´µ¶·¸¹º»¼½¾¿ÀÁÂÃÄÅÆÇÈÉÊËÌÍÎÏÐÑÒÓÔÕÖ×ØÙÚÛÜÝÞßàáâãäåæçèéêëìíîïðñòóôõö÷øùúûüýþÿ[    0.650011] 00:02: ttyS0 at I/O 0x3f8 (irq = 4, base_baud = 115200) is a 16550A
[    0.653241] Linux agpgart interface v0.103
[    0.655858] loop: module loaded
[    0.659082] scsi host0: ata_piix
[    0.660461] scsi host1: ata_piix
[    0.661396] ata1: PATA max UDMA/33 cmd 0x1f0 ctl 0x3f6 bmdma 0xd000 irq 14
[    0.663096] ata2: PATA max UDMA/33 cmd 0x170 ctl 0x376 bmdma 0xd008 irq 15
[    0.665137] libphy: Fixed MDIO Bus: probed
[    0.666257] tun: Universal TUN/TAP device driver, 1.6
[    0.667479] PPP generic driver version 2.4.2
[    0.668592] ehci_hcd: USB 2.0 'Enhanced' Host Controller (EHCI) Driver
[    0.670115] ehci-pci: EHCI PCI platform driver
[    0.671191] ehci-platform: EHCI generic platform driver
[    0.672530] ohci_hcd: USB 1.1 'Open' Host Controller (OHCI) Driver
[    0.673967] ohci-pci: OHCI PCI platform driver
[    0.675014] ohci-platform: OHCI generic platform driver
[    0.676200] uhci_hcd: USB Universal Host Controller Interface driver
[    0.677725] i8042: PNP: PS/2 Controller [PNP0303:PS2K,PNP0f03:PS2M] at 0x60,0x64 irq 1,12
[    0.680794] serio: i8042 KBD port at 0x60,0x64 irq 1
[    0.682169] serio: i8042 AUX port at 0x60,0x64 irq 12
[    0.683693] mousedev: PS/2 mouse device common for all mice
[    0.685277] input: AT Translated Set 2 keyboard as /devices/platform/i8042/serio0/input/input2
[    0.687882] rtc_cmos rtc_cmos: rtc core: registered rtc_cmos as rtc0
[    0.689418] rtc_cmos rtc_cmos: alarms up to one day, 114 bytes nvram
[    0.690874] i2c /dev entries driver
[    0.691740] device-mapper: uevent: version 1.0.3
[    0.692934] device-mapper: ioctl: 4.37.0-ioctl (2017-09-20) initialised: dm-devel@redhat.com
[    0.695598] ledtrig-cpu: registered to indicate activity on CPUs
[    0.697950] NET: Registered protocol family 10
[    0.703424] Segment Routing with IPv6
[    0.704446] NET: Registered protocol family 17
[    0.705862] Key type dns_resolver registered
[    0.707426] RAS: Correctable Errors collector initialized.
[    0.708846] sched_clock: Marking stable (708827785, 0)->(1099839949, -391012164)
[    0.711246] registered taskstats version 1
[    0.712327] Loading compiled-in X.509 certificates
[    0.716512] Loaded X.509 cert 'Build time autogenerated kernel key: 1cc14bc8298a06d551159822c55fa35abd77a621'
[    0.719213] zswap: loaded using pool lzo/zbud
[    0.724731] Key type big_key registered
[    0.725768] Key type trusted registered
[    0.728921] Key type encrypted registered
[    0.729980] AppArmor: AppArmor sha1 policy hashing enabled
[    0.731249] ima: No TPM chip found, activating TPM-bypass! (rc=-19)
[    0.732977] ima: Allocated hash algorithm: sha1
[    0.734100] evm: HMAC attrs: 0x1
[    0.735349]   Magic number: 15:588:248
[    0.736547] rtc_cmos rtc_cmos: setting system clock to 2019-08-01 22:12:53 UTC (1564697573)
[    0.738719] BIOS EDD facility v0.16 2004-Jun-25, 0 devices found
[    0.740129] EDD information not available.
[    0.827427] Freeing unused kernel image memory: 2408K
[    0.844190] Write protecting the kernel read-only data: 20480k
[    0.848100] Freeing unused kernel image memory: 2008K
[    0.850326] Freeing unused kernel image memory: 1872K
[    0.858719] x86/mm: Checked W+X mappings: passed, no W+X pages found.
[    0.860740] x86/mm: Checking user space page tables
[    0.867265] x86/mm: Checked W+X mappings: passed, no W+X pages found.
Loading, please wait...
starting version 237
[    0.931023] Fusion MPT base driver 3.04.20
[    0.932292] Copyright (c) 1999-2008 LSI Corporation
[    0.933690] e1000: Intel(R) PRO/1000 Network Driver - version 7.3.21-k8-NAPI
[    0.935333] e1000: Copyright (c) 1999-2006 Intel Corporation.
[    0.945628] Fusion MPT SPI Host driver 3.04.20
[    0.949647] AVX2 version of gcm_enc/dec engaged.
[    0.950766] AES CTR mode by8 optimization enabled
[    1.148393] input: ImExPS/2 Generic Explorer Mouse as /devices/platform/i8042/serio1/input/input4
[    1.365274] e1000 0000:00:03.0 eth0: (PCI:33MHz:32-bit) 02:26:45:5c:bc:af
[    1.367252] e1000 0000:00:03.0 eth0: Intel(R) PRO/1000 Network Connection
[    1.860958] e1000 0000:00:08.0 eth1: (PCI:33MHz:32-bit) 08:00:27:2d:ed:ef
[    1.862849] e1000 0000:00:08.0 eth1: Intel(R) PRO/1000 Network Connection
[    1.865722] e1000 0000:00:03.0 enp0s3: renamed from eth0
[    1.867515] mptbase: ioc0: Initiating bringup
[    1.889479] e1000 0000:00:08.0 enp0s8: renamed from eth1
[    1.970154] ioc0: LSI53C1030 A0: Capabilities={Initiator}
[    2.218167] scsi host2: ioc0: LSI53C1030 A0, FwRev=00000000h, Ports=1, MaxQ=256, IRQ=20
[    2.389960] scsi 2:0:0:0: Direct-Access     VBOX     HARDDISK         1.0  PQ: 0 ANSI: 5
[    2.428214] scsi target2:0:0: Beginning Domain Validation
[    2.433474] scsi target2:0:0: Domain Validation skipping write tests
[    2.435318] scsi target2:0:0: Ending Domain Validation
[    2.436874] scsi target2:0:0: asynchronous
[    2.438812] scsi 2:0:1:0: Direct-Access     VBOX     HARDDISK         1.0  PQ: 0 ANSI: 5
[    2.472336] scsi target2:0:1: Beginning Domain Validation
[    2.476468] random: fast init done
[    2.477936] scsi target2:0:1: Domain Validation skipping write tests
[    2.480153] scsi target2:0:1: Ending Domain Validation
[    2.481564] scsi target2:0:1: asynchronous
[    2.488404] random: systemd-udevd: uninitialized urandom read (16 bytes read)
[    2.488544] sd 2:0:0:0: Attached scsi generic sg0 type 0
[    2.488799] sd 2:0:1:0: Attached scsi generic sg1 type 0
[    2.492814] random: systemd-udevd: uninitialized urandom read (16 bytes read)
[    2.494676] random: systemd-udevd: uninitialized urandom read (16 bytes read)
[    2.494707] sd 2:0:0:0: [sda] 41943040 512-byte logical blocks: (21.5 GB/20.0 GiB)
[    2.496537] sd 2:0:0:0: [sda] Write Protect is off
[    2.499903] sd 2:0:0:0: [sda] Incomplete mode parameter data
[    2.501453] sd 2:0:0:0: [sda] Assuming drive cache: write through
[    2.503222] sd 2:0:1:0: [sdb] 20480 512-byte logical blocks: (10.5 MB/10.0 MiB)
[    2.505158] sd 2:0:1:0: [sdb] Write Protect is off
[    2.506546] sd 2:0:1:0: [sdb] Incomplete mode parameter data
[    2.507987] sd 2:0:1:0: [sdb] Assuming drive cache: write through
[    2.510853]  sda: sda1
[    2.512943] sd 2:0:0:0: [sda] Attached SCSI disk
[    2.514269] sd 2:0:1:0: [sdb] Attached SCSI disk
Begin: Loading essential drivers ... [    3.964137] raid6: sse2x1   gen() 10591 MB/s
[    4.012294] raid6: sse2x1   xor()  7558 MB/s
[    4.060191] raid6: sse2x2   gen() 12589 MB/s
[    4.108220] raid6: sse2x2   xor()  8368 MB/s
[    4.156227] raid6: sse2x4   gen() 14854 MB/s
[    4.204093] raid6: sse2x4   xor()  9074 MB/s
[    4.252395] raid6: avx2x1   gen() 20870 MB/s
[    4.300051] raid6: avx2x1   xor() 14119 MB/s
[    4.348161] raid6: avx2x2   gen() 24152 MB/s
[    4.396197] raid6: avx2x2   xor() 15287 MB/s
[    4.444489] raid6: avx2x4   gen() 27698 MB/s
[    4.492478] raid6: avx2x4   xor() 16968 MB/s
[    4.493726] raid6: using algorithm avx2x4 gen() 27698 MB/s
[    4.495346] raid6: .... xor() 16968 MB/s, rmw enabled
[    4.496713] raid6: using avx2x2 recovery algorithm
[    4.499131] xor: automatically using best checksumming function   avx       
[    4.502311] async_tx: api initialized (async)
done.
Begin: Running /scripts/init-premount ... done.
Begin: Mounting root file system ... Begin: Running /scripts/local-top ... done.
Begin: Running /scripts/local-premount ... [    4.546111] Btrfs loaded, crc32c=crc32c-intel
Scanning for Btrfs filesystems
done.
Warning: fsck not present, so skipping root file system
[    4.575072] EXT4-fs (sda1): mounted filesystem with ordered data mode. Opts: (null)
done.
Begin: Running /scripts/local-bottom ... done.
Begin: Running /scripts/init-bottom ... done.
[    4.730696] ip_tables: (C) 2000-2006 Netfilter Core Team
[    4.739549] systemd[1]: systemd 237 running in system mode. (+PAM +AUDIT +SELINUX +IMA +APPARMOR +SMACK +SYSVINIT +UTMP +LIBCRYPTSETUP +GCRYPT +GNUTLS +ACL +XZ +LZ4 +SECCOMP +BLKID +ELFUTILS +KMOD -IDN2 +IDN -PCRE2 default-hierarchy=hybrid)
[    4.744915] systemd[1]: Detected virtualization oracle.
[    4.746274] systemd[1]: Detected architecture x86-64.

Welcome to [1mUbuntu 18.04.2 LTS[0m!

[    4.757665] systemd[1]: Set hostname to <ubuntu>.
[    4.760746] systemd[1]: Initializing machine ID from random generator.
[    4.762299] systemd[1]: Installed transient /etc/machine-id file.
[    5.001068] systemd[1]: Reached target User and Group Name Lookups.
[[0;32m  OK  [0m] Reached target User and Group Name Lookups.
[    5.010268] systemd[1]: Created slice System Slice.
[[0;32m  OK  [0m] Created slice System Slice.
[    5.012437] systemd[1]: Listening on udev Kernel Socket.
[[0;32m  OK  [0m] Listening on udev Kernel Socket.
[    5.015087] systemd[1]: Created slice system-serial\x2dgetty.slice.
[[0;32m  OK  [0m] Created slice system-serial\x2dgetty.slice.
[[0;32m  OK  [0m] Listening on Journal Socket (/dev/log).
[[0;32m  OK  [0m] Set up automount Arbitrary Executabâ€¦rmats File System Automount Point.
[[0;32m  OK  [0m] Reached target System Time Synchronized.
[[0;32m  OK  [0m] Listening on LVM2 poll daemon socket.
[[0;32m  OK  [0m] Listening on LVM2 metadata daemon socket.
[[0;32m  OK  [0m] Reached target Swap.
[[0;32m  OK  [0m] Created slice User and Session Slice.
[[0;32m  OK  [0m] Listening on /dev/initctl Compatibility Named Pipe.
[[0;32m  OK  [0m] Listening on Device-mapper event daemon FIFOs.
[[0;32m  OK  [0m] Started Forward Password Requests to Wall Directory Watch.
[[0;32m  OK  [0m] Listening on Network Service Netlink Socket.
[[0;32m  OK  [0m] Listening on Journal Audit Socket.
[[0;32m  OK  [0m] Reached target Slices.
[[0;32m  OK  [0m] Listening on Syslog Socket.
[[0;32m  OK  [0m] Listening on Journal Socket.
         Starting Load Kernel Modules...
         Starting Journal Service...
         Mounting Kernel Debug File System...
         Mounting Huge Pages File System...
         Starting Uncomplicated firewall...
         Starting Monitoring of LVM2 mirrorsâ€¦ng dmeventd or progress polling...
         Starting Remount Root and Kernel File Systems...
[    5.143505] Loading iSCSI transport class v2.0-870.
         Mounting POSIX Message Queue File System...
         Starting Set the console keyboard layout...
[[0;32m  OK  [0m] Listening on udev Control Socket.
[    5.153126] iscsi: registered transport (tcp)
         Starting udev Coldplug all Devices...
         Starting Create list of required stâ€¦ce nodes for the current kernel...
[    5.168463] iscsi: registered transport (iser)
[[0;32m  OK  [0m] Started Load Kernel Modules.
[[0;32m  OK  [0m] Mounted Kernel Debug File System.
[[0;32m  OK  [0m] Mounted Huge Pages File System.
[[0;32m  OK  [0m] Started Uncomplicated firewall.
[[0;32m  OK  [0m] Mounted POSIX Message Queue File System.
         Mounting FUSE Control File System...
         Starting Apply Kernel Variables...
         Mounting Kernel Configuration File System...
[[0;32m  OK  [0m] Mounted FUSE Control File System.
[[0;32m  OK  [0m] Mounted Kernel Configuration File System.
[[0;32m  OK  [0m] Started LVM2 metadata daemon.
[[0;32m  OK  [0m] Started Journal Service.
[[0;32m  OK  [0m] Started Create list of required staâ€¦vice nodes for the current kernel.
         Starting Create Static Device Nodes in /dev...
[[0;32m  OK  [0m] Started Remount Root and Kernel File Systems.
         Starting Load/Save Random Seed...
         Starting Flush Journal to Persistent Storage...
[[0;32m  OK  [0m] Started Monitoring of LVM2 mirrors,â€¦sing dmeventd or progress polling.
[[0;32m  OK  [0m] Started Apply Kernel Variables.
[[0;32m  OK  [0m] Started udev Coldplug all Devices.
[[0;32m  OK  [0m] Started Create Static Device Nodes in /dev.
[[0;32m  OK  [0m] Started Load/Save Random Seed.
         Starting udev Kernel Device Manager...
[[0;32m  OK  [0m] Started udev Kernel Device Manager.
[[0;32m  OK  [0m] Started Flush Journal to Persistent Storage.
[[0;32m  OK  [0m] Started Set the console keyboard layout.
[[0;32m  OK  [0m] Reached target Local File Systems (Pre).
[[0;32m  OK  [0m] Reached target Local File Systems.
         Starting ebtables ruleset management...
         Starting Create Volatile Files and Directories...
         Starting Tell Plymouth To Write Out Runtime Data...
         Starting Set console font and keymap...
         Starting Commit a transient machine-id on disk...
         Starting AppArmor initialization...
[[0;32m  OK  [0m] Started Dispatch Password Requests to Console Directory Watch.
[[0;32m  OK  [0m] Reached target Local Encrypted Volumes.
[[0;32m  OK  [0m] Started Create Volatile Files and Directories.
[[0;32m  OK  [0m] Started Tell Plymouth To Write Out Runtime Data.
[[0;32m  OK  [0m] Started Set console font and keymap.
         Starting Update UTMP about System Boot/Shutdown...
[[0;32m  OK  [0m] Started Update UTMP about System Boot/Shutdown.
[[0;32m  OK  [0m] Started Commit a transient machine-id on disk.
[[0;32m  OK  [0m] Started ebtables ruleset management.
[[0;32m  OK  [0m] Found device /dev/ttyS0.
[[0;32m  OK  [0m] Listening on Load/Save RF Kill Switch Status /dev/rfkill Watch.
[[0;32m  OK  [0m] Started AppArmor initialization.
         Starting Initial cloud-init job (pre-networking)...
[    6.967454] cloud-init[580]: Cloud-init v. 19.1-1-gbaa47854-0ubuntu1~18.04.1 running 'init-local' at Thu, 01 Aug 2019 22:12:59 +0000. Up 6.62 seconds.
[[0;32m  OK  [0m] Started Initial cloud-init job (pre-networking).
[[0;32m  OK  [0m] Reached target Network (Pre).
         Starting Network Service...
[[0;32m  OK  [0m] Started Network Service.
         Starting Network Name Resolution...
         Starting Wait for Network to be Configured...
[[0;32m  OK  [0m] Started Network Name Resolution.
[[0;32m  OK  [0m] Reached target Network.
[[0;32m  OK  [0m] Reached target Host and Network Name Lookups.
[[0;32m  OK  [0m] Started Wait for Network to be Configured.
         Starting Initial cloud-init job (metadata service crawler)...
[    9.363175] cloud-init[680]: Cloud-init v. 19.1-1-gbaa47854-0ubuntu1~18.04.1 running 'init' at Thu, 01 Aug 2019 22:13:01 +0000. Up 9.23 seconds.
[    9.367659] cloud-init[680]: ci-info: ++++++++++++++++++++++++++++++++++++++Net device info+++++++++++++++++++++++++++++++++++++++
[    9.371563] cloud-init[680]: ci-info: +--------+-------+----------------------------+---------------+--------+-------------------+
[    9.374838] cloud-init[680]: ci-info: | Device |   Up  |          Address           |      Mask     | Scope  |     Hw-Address    |
[    9.378167] cloud-init[680]: ci-info: +--------+-------+----------------------------+---------------+--------+-------------------+
[    9.382024] cloud-init[680]: ci-info: | enp0s3 |  True |         10.0.2.15          | 255.255.255.0 | global | 02:26:45:5c:bc:af |
[    9.385730] cloud-init[680]: ci-info: | enp0s3 |  True | fe80::26:45ff:fe5c:bcaf/64 |       .       |  link  | 02:26:45:5c:bc:af |
[    9.389265] cloud-init[680]: ci-info: | enp0s8 | False |             .              |       .       |   .    | 08:00:27:2d:ed:ef |
[    9.404306] cloud-init[680]: ci-info: |   lo   |  True |         127.0.0.1          |   255.0.0.0   |  host  |         .         |
[    9.407641] cloud-init[680]: ci-info: |   lo   |  True |          ::1/128           |       .       |  host  |         .         |
[    9.410963] cloud-init[680]: ci-info: +--------+-------+----------------------------+---------------+--------+-------------------+
[    9.413293] cloud-init[680]: ci-info: ++++++++++++++++++++++++++++Route IPv4 info+++++++++++++++++++++++++++++
[    9.414693] cloud-init[680]: ci-info: +-------+-------------+----------+-----------------+-----------+-------+
[    9.429033] cloud-init[680]: ci-info: | Route | Destination | Gateway  |     Genmask     | Interface | Flags |
[    9.430599] cloud-init[680]: ci-info: +-------+-------------+----------+-----------------+-----------+-------+
[    9.432331] cloud-init[680]: ci-info: |   0   |   0.0.0.0   | 10.0.2.2 |     0.0.0.0     |   enp0s3  |   UG  |
[    9.434296] cloud-init[680]: ci-info: |   1   |   10.0.2.0  | 0.0.0.0  |  255.255.255.0  |   enp0s3  |   U   |
[    9.436467] cloud-init[680]: ci-info: |   2   |   10.0.2.2  | 0.0.0.0  | 255.255.255.255 |   enp0s3  |   UH  |
[    9.438654] cloud-init[680]: ci-info: +-------+-------------+----------+-----------------+-----------+-------+
[    9.440302] cloud-init[680]: ci-info: +++++++++++++++++++Route IPv6 info+++++++++++++++++++
[    9.441631] cloud-init[680]: ci-info: +-------+-------------+---------+-----------+-------+
[    9.443219] cloud-init[680]: ci-info: | Route | Destination | Gateway | Interface | Flags |
[    9.444586] cloud-init[680]: ci-info: +-------+-------------+---------+-----------+-------+
[    9.445841] cloud-init[680]: ci-info: |   1   |  fe80::/64  |    ::   |   enp0s3  |   U   |
[    9.456573] cloud-init[680]: ci-info: |   3   |    local    |    ::   |   enp0s3  |   U   |
[    9.457751] cloud-init[680]: ci-info: |   4   |   ff00::/8  |    ::   |   enp0s3  |   U   |
[    9.459322] cloud-init[680]: ci-info: +-------+-------------+---------+-----------+-------+
[   10.120690] cloud-init[680]: Generating public/private rsa key pair.
[   10.122002] cloud-init[680]: Your identification has been saved in /etc/ssh/ssh_host_rsa_key.
[   10.123566] cloud-init[680]: Your public key has been saved in /etc/ssh/ssh_host_rsa_key.pub.
[   10.124909] cloud-init[680]: The key fingerprint is:
[   10.125801] cloud-init[680]: SHA256:k0mpCb1HxPObBXaLwMtNNSVbkOwzPlDWFpeDUsQjfnI root@ubuntu-bionic
[   10.140454] cloud-init[680]: The key's randomart image is:
[   10.156274] cloud-init[680]: +---[RSA 2048]----+
[   10.157233] cloud-init[680]: |       o.  oOB=.o|
[   10.158042] cloud-init[680]: |     . .=.+o*Oo+ |
[   10.158957] cloud-init[680]: |    . ..+O.B+o. .|
[[   10.173094] cloud-init[680]: |     . *oo=o*E   |
[   10.173279] cloud-init[680]: |      + S  *+o   |
[   10.175170] cloud-init[680]: |       . .o o    |
[   10.175248] cloud-init[680]: |             .   |
[   10.176564] cloud-init[680]: |                 |
[   10.178065] cloud-init[680]: |                 |
[   10.179268] cloud-init[680]: +----[SHA256]-----+
[   10.179687] cloud-init[680]: Generating public/private dsa key pair.
[   10.179734] cloud-init[680]: Your identification has been saved in /etc/ssh/ssh_host_dsa_key.
[   10.180513] cloud-init[680]: Your public key has been saved in /etc/ssh/ssh_host_dsa_key.pub.
[   10.180770] cloud-init[680]: The key fingerprint is:
[   10.181207] cloud-init[680]: SHA256:hUzwhGnAGpvblnGu31A/NRkswUVOQvHVswKgVOLwiyE root@ubuntu-bionic
[   10.181253] cloud-init[680]: The key's randomart image is:
[0;32m  OK  [0m] Started Initial cloud-init job (metadata service crawler).
[   10.181902] cloud-init[680]: +---[DSA 1024]----+
[   10.202405] cloud-init[680]: |   ..o.*+=*++ .. |
[[   10.203298] cloud-init[680]: |  . . O=o..O . ..|
[   10.203439] cloud-init[680]: |   E o ++ o *   o|
[   10.203590] cloud-init[680]: |  + o + .. . + . |
[   10.203637] cloud-init[680]: |   o * .S   + .  |
[   10.203688] cloud-init[680]: |  . + .. . . .   |
[   10.204782] cloud-init[680]: |   . ..   o      |
[   10.206163] cloud-init[680]: |    .  o   .     |
[   10.206215] cloud-init[680]: |     .. .        |
[   10.206898] cloud-init[680]: +----[SHA256]-----+
[   10.206952] cloud-init[680]: Generating public/private ecdsa key pair.
[   10.208469] cloud-init[680]: Your identification has been saved in /etc/ssh/ssh_host_ecdsa_key.
[0;32m  OK  [0m] Reached target System Initialization.
[   10.208925] cloud-init[680]: Your public key has been saved in /etc/ssh/ssh_host_ecdsa_key.pub.
[[   10.214913] cloud-init[680]: The key fingerprint is:
[   10.214978] cloud-init[680]: SHA256:GXOs7bbauRQ+NzI9vF5qQtQPVF5KQeHn0cPWlRhbb0g root@ubuntu-bionic
[   10.216632] cloud-init[680]: The key's randomart image is:
[   10.217478] [0;32m  OK  [0mcloud-init[680]: +---[ECDSA 256]---+
[   10.219123] cloud-init[680]: |             +E++|
[   10.220215] cloud-init[680]: |         .  .*+==|
] Listening on Open-iSCSI iscsid Socket.
[[   10.220794] cloud-init[680]: |        o oo .==*|
[   10.222335] cloud-init[680]: |         B. o .+o|
[   10.223119] cloud-init[680]: |        S.o  o  .|
[   10.223450] cloud-init[680]: |         o.+  .  |
[   10.224982] cloud-init[680]: |         .O * .  |
[   10.226178] cloud-init[680]: |         +.B.*   |
[0;32m  OK  [0m[   10.227381] cloud-init[680]: |        ..==+    |
[   10.228129] cloud-init[680]: +----[SHA256]-----+
[   10.228275] cloud-init[680]: Generating public/private ed25519 key pair.
[   10.228330] cloud-init[680]: Your identification has been saved in /etc/ssh/ssh_host_ed25519_key.
[   10.228388] cloud-init[680]: Your public key has been saved in /etc/ssh/ssh_host_ed25519_key.pub.
] Started Daily Cleanup of Temporary Directories.
[   10.229111] cloud-init[680]: The key fingerprint is:
[   10.236270] cloud-init[680]: SHA256:GSjGmq3tbj30v627RwSajvQWI7jqODkdwkhxAWHmm6g root@ubuntu-bionic
[   10.236359] cloud-init[680]: The key's randomart image is:
[   10.237501] cloud-init[680]: +--[ED25519 256]--+
[   10.238524] cloud-init[680]: | =o..            |
[   10.239380] cloud-init[680]: |+. o   .  .      |
[   10.239519] cloud-init[680]: | .o +.. .o .     |
[   10.239556] cloud-init[680]: |..o=..o =o  .    |
[   10.239593] cloud-init[680]: |=oo .o =So .     |
[   10.240638] cloud-init[680]: |+..o. o +   .    |
[   10.242074] cloud-init[680]: |E+.o.o o   .     |
[   10.242377] cloud-init[680]: |+.o.. o .  ..    |
[   10.244787] cloud-init[680]: |.+.oo  . .**.    |
[   10.245747] cloud-init[680]: +----[SHA256]-----+
[[0;32m  OK  [0m] Listening on UUID daemon activation socket.
[[0;32m  OK  [0m] Started ACPI Events Check.
         Starting LXD - unix socket.
[[0;32m  OK  [0m] Started Daily apt download activities.
[[0;32m  OK  [0m] Started Daily apt upgrade and clean activities.
[[0;32m  OK  [0m] Started Discard unused blocks once a week.
[[0;32m  OK  [0m] Listening on D-Bus System Message Bus Socket.
[[0;32m  OK  [0m] Reached target Paths.
[[0;32m  OK  [0m] Started Message of the Day.
[[0;32m  OK  [0m] Reached target Timers.
         Starting Socket activation for snappy daemon.
[[0;32m  OK  [0m] Listening on ACPID Listen Socket.
[[0;32m  OK  [0m] Reached target Cloud-config availability.
[[0;32m  OK  [0m] Reached target Network is Online.
         Starting Availability of block devices...
[[0;32m  OK  [0m] Reached target Remote File Systems (Pre).
[[0;32m  OK  [0m] Reached target Remote File Systems.
[[0;32m  OK  [0m] Listening on LXD - unix socket.
[[0;32m  OK  [0m] Listening on Socket activation for snappy daemon.
[[0;32m  OK  [0m] Reached target Sockets.
[[0;32m  OK  [0m] Reached target Basic System.
         Starting Login Service...
[[0;32m  OK  [0m] Started irqbalance daemon.
[[0;32m  OK  [0m] Started Deferred execution scheduler.
         Starting Snappy daemon...
         Starting Accounts Service...
         Starting Pollinate to seed the pseudo random number generator...
[[0;32m  OK  [0m] Started FUSE filesystem for LXC.
         Starting LSB: Record successful boot for GRUB...
[[0;32m  OK  [0m] Started Regular background program processing daemon.
         Starting Virtualbox guest utils...
[[0;32m  OK  [0m] Started D-Bus System Message Bus.
[[0;32m  OK  [0m] Started Login Service.
         Starting System Logging Service...
         Starting Dispatcher daemon for systemd-networkd...
[[0;32m  OK  [0m] Started Unattended Upgrades Shutdown.
         Starting Permit User Sessions...
         Starting LSB: automatic crash report generation...
         Starting LXD - container startup/shutdown...
[[0;32m  OK  [0m] Started System Logging Service.
[[0;32m  OK  [0m] Started Availability of block devices.
[[0;32m  OK  [0m] Started Permit User Sessions.
         Starting Authorization Manager...
         Starting Terminate Plymouth Boot Screen...
         Starting Hold until boot process finishes up...
[[0;32m  OK  [0m] Started Hold until boot process finishes up.
[[0;32m  OK  [0m] Started Serial Getty on ttyS0.
         Starting Set console scheme...
[[0;32m  OK  [0m] Started Terminate Plymouth Boot Screen.
[[0;32m  OK  [0m] Started LSB: automatic crash report generation.
[[0;32m  OK  [0m] Started LSB: Record successful boot for GRUB.
[[0;32m  OK  [0m] Started Set console scheme.
[[0;32m  OK  [0m] Created slice system-getty.slice.
[[0;32m  OK  [0m] Started Getty on tty1.
[[0;32m  OK  [0m] Reached target Login Prompts.
[[0;32m  OK  [0m] Started Authorization Manager.
[[0;32m  OK  [0m] Started Accounts Service.
[[0;32m  OK  [0m] Started LXD - container startup/shutdown.
[[0;32m  OK  [0m] Started Virtualbox guest utils.
[[0;32m  OK  [0m] Started Dispatcher daemon for systemd-networkd.
[[0;32m  OK  [0m] Started Snappy daemon.
         Starting Wait until snapd is fully seeded...
[[0;32m  OK  [0m] Started Pollinate to seed the pseudo random number generator.
         Starting OpenBSD Secure Shell server...
[[0;32m  OK  [0m] Started OpenBSD Secure Shell server.
[[0;32m  OK  [0m] Created slice User Slice of vagrant.
         Starting User Manager for UID 1000...
[[0;32m  OK  [0m] Started Session 1 of user vagrant.
[[0;32m  OK  [0m] Started User Manager for UID 1000.
[[0;32m  OK  [0m] Started Wait until snapd is fully seeded.
         Starting Apply the settings specified in cloud-config...
[[0;32m  OK  [0m] Reached target Multi-User System.
[[0;32m  OK  [0m] Reached target Graphical Interface.
         Starting Update UTMP about System Runlevel Changes...
[[0;32m  OK  [0m] Started Update UTMP about System Runlevel Changes.
[   13.957096] cloud-init[1404]: Cloud-init v. 19.1-1-gbaa47854-0ubuntu1~18.04.1 running 'modules:config' at Thu, 01 Aug 2019 22:13:06 +0000. Up 13.58 seconds.
[[0;32m  OK  [0m] Started Apply the settings specified in cloud-config.
         Starting Execute cloud user/final scripts...
         Stopping User Manager for UID 1000...
[[0;32m  OK  [0m] Stopped User Manager for UID 1000.
[[0;32m  OK  [0m] Removed slice User Slice of vagrant.
[[0;32m  OK  [0m] Created slice User Slice of vagrant.
         Starting User Manager for UID 1000...
[[0;32m  OK  [0m] Started Session 3 of user vagrant.
[[0;32m  OK  [0m] Started User Manager for UID 1000.
ci-info: no authorized ssh keys fingerprints found for user ubuntu.
<14>Aug  1 22:13:07 ec2: 
<14>Aug  1 22:13:07 ec2: #############################################################
<14>Aug  1 22:13:07 ec2: -----BEGIN SSH HOST KEY FINGERPRINTS-----
<14>Aug  1 22:13:07 ec2: 1024 SHA256:hUzwhGnAGpvblnGu31A/NRkswUVOQvHVswKgVOLwiyE root@ubuntu-bionic (DSA)
<14>Aug  1 22:13:07 ec2: 256 SHA256:GXOs7bbauRQ+NzI9vF5qQtQPVF5KQeHn0cPWlRhbb0g root@ubuntu-bionic (ECDSA)
<14>Aug  1 22:13:07 ec2: 256 SHA256:GSjGmq3tbj30v627RwSajvQWI7jqODkdwkhxAWHmm6g root@ubuntu-bionic (ED25519)
<14>Aug  1 22:13:07 ec2: 2048 SHA256:k0mpCb1HxPObBXaLwMtNNSVbkOwzPlDWFpeDUsQjfnI root@ubuntu-bionic (RSA)
<14>Aug  1 22:13:07 ec2: -----END SSH HOST KEY FINGERPRINTS-----
<14>Aug  1 22:13:07 ec2: #############################################################
-----BEGIN SSH HOST KEY KEYS-----
ecdsa-sha2-nistp256 AAAAE2VjZHNhLXNoYTItbmlzdHAyNTYAAAAIbmlzdHAyNTYAAABBBF4NDA2D2k04imBFgJy1L3hNXn9wQr7avWaqk8JVUHUpvn4cvb84PBKkRYBy0mc/erjcwqfvh4Z8mK6Svqgj7zM= root@ubuntu-bionic
ssh-ed25519 AAAAC3NzaC1lZDI1NTE5AAAAIK20mRD3bhh/0STiIvp6MbU2Bd5tj8DT8304lO4R26mW root@ubuntu-bionic
ssh-rsa AAAAB3NzaC1yc2EAAAADAQABAAABAQDHtU1CTMLAQshxT9CwOLOJGo5/7+l9pHffrnQ63ml/xlEey4H9jnwOjP0nbQ8rtFh90vb95WMoP5uZSxbYHn0Krh0H7rBvvbx+zwA9qHea55kK6RuxPGTVDC6U4hd8DuBfkQEdb/yn3LHae/ZFXjiYIKA61QRLGyd9+2n/qHkImirav9I/y8juFjhJCEwRI8FhP0rxtFYJiIfRdfZoRxwm6vusaNnka9XDN4tPzUEdZcEnqeidzzsp2hV4rMz10yfpod5RAT9U1PThiRzbZwL7TPpUwC6CcGNGDsdnDyjmIYhQsdzgnvjy3orJNmLDmgmiasZc2+z8NPw/HJOx8psT root@ubuntu-bionic
-----END SSH HOST KEY KEYS-----
[   14.567190] cloud-init[1577]: Cloud-init v. 19.1-1-gbaa47854-0ubuntu1~18.04.1 running 'modules:final' at Thu, 01 Aug 2019 22:13:07 +0000. Up 14.40 seconds.
[   14.570257] cloud-init[1577]: ci-info: no authorized ssh keys fingerprints found for user ubuntu.
[   14.572470] cloud-init[1577]: Cloud-init v. 19.1-1-gbaa47854-0ubuntu1~18.04.1 finished at Thu, 01 Aug 2019 22:13:07 +0000. Datasource DataSourceNoCloud [seed=/dev/sdb][dsmode=net].  Up 14.55 seconds
[[0;32m  OK  [0m] Started Execute cloud user/final scripts.
[[0;32m  OK  [0m] Reached target Cloud-init target.

Ubuntu 18.04.2 LTS ubuntu-bionic ttyS0

ubuntu-bionic login: 